 me4000

 Timestamp is 41dbb477 (Wed Jan 05 10:33:43 2005)

 Preferred load address is 00010000

 Start         Length     Name                   Class
 0001:00000000 0001093cH .text                   CODE
 0002:00000000 00000022H _LTEXT                  CODE
 0003:00000000 0000011cH .idata$5                DATA
 0003:0000011c 000000e7H .rdata                  DATA
 0004:00000000 00000010H .data                   DATA
 0004:00000010 00000088H .bss                    DATA
 0005:00000000 00000028H .idata$2                CODE
 0005:00000028 00000014H .idata$3                CODE
 0005:0000003c 0000011cH .idata$4                CODE
 0005:00000158 000005baH .idata$6                CODE
 0006:00000000 000000a0H .rsrc$01                DATA
 0006:000000a0 00000590H .rsrc$02                DATA

  Address         Publics by Value              Rva+Base     Lib:Object

 0001:00000259       _DriverEntry@8             00010539 f   Wdm.obj
 0001:00000402       ?meCreate@@YGJPAU_DEVICE_OBJECT@@PAU_IRP@@@Z 000106e2 f   Wdm.obj
 0001:000004a5       ?meClose@@YGJPAU_DEVICE_OBJECT@@PAU_IRP@@@Z 00010785 f   Wdm.obj
 0001:00000541       ?meUnload@@YGXPAU_DRIVER_OBJECT@@@Z 00010821 f   Wdm.obj
 0001:00000ae3       ?meAddDevice@@YGJPAU_DRIVER_OBJECT@@PAU_DEVICE_OBJECT@@@Z 00010dc3 f   Wdm.obj
 0001:00001262       ?meStopDevice@@YGXPAU_DEVICE_OBJECT@@@Z 00011542 f   Wdm.obj
 0001:0000186f       ?mePNP@@YGJPAU_DEVICE_OBJECT@@PAU_IRP@@@Z 00011b4f f   Wdm.obj
 0001:00002131       ?mePower@@YGJPAU_DEVICE_OBJECT@@PAU_IRP@@@Z 00012411 f   Wdm.obj
 0001:00002229       ?meSystemControl@@YGJPAU_DEVICE_OBJECT@@PAU_IRP@@@Z 00012509 f   Wdm.obj
 0001:00002298       ?meSetEvent@@YGJPAU_DEVICE_OBJECT@@PAU_IRP@@PAX@Z 00012578 f   Wdm.obj
 0001:000022ae       ?meInitializeLock@@YGXPAULOCAL_DEVICE_INFO@@@Z 0001258e f   Wdm.obj
 0001:000022d0       ?meLockDevice@@YGEPAULOCAL_DEVICE_INFO@@@Z 000125b0 f   Wdm.obj
 0001:000022ec       ?meUnlockDevice@@YGXPAULOCAL_DEVICE_INFO@@@Z 000125cc f   Wdm.obj
 0001:0000230e       ?meUnlockDeviceAndWait@@YGXPAULOCAL_DEVICE_INFO@@@Z 000125ee f   Wdm.obj
 0001:000056e2       ?meDispatch@@YGJPAU_DEVICE_OBJECT@@PAU_IRP@@@Z 000159c2 f   dispatchWDM.obj
 0001:00008024       ?meIsr@@YGEPAU_KINTERRUPT@@PAX@Z 00018304 f   kernelWDM.obj
 0001:0000954a       ?meAITransferDPC@@YGXPAU_KDPC@@PAX11@Z 0001982a f   kernelWDM.obj
 0001:000095ef       ?meAOISRDPC@@YGXPAU_KDPC@@PAX11@Z 000198cf f   kernelWDM.obj
 0001:000096f3       ?meAOTimerDPC@@YGXPAU_KDPC@@PAX11@Z 000199d3 f   kernelWDM.obj
 0001:000097f0       ?meExtIrqDPC@@YGXPAU_KDPC@@PAX11@Z 00019ad0 f   kernelWDM.obj
 0001:00009838       ?meAOTerminate@@YGXPAUSAOChannel@LOCAL_DEVICE_INFO@@@Z 00019b18 f   kernelWDM.obj
 0001:000098a4       ?meAOIsOpStarted@@YGEPAUSAOChannel@LOCAL_DEVICE_INFO@@@Z 00019b84 f   kernelWDM.obj
 0001:000098c8       ?meAOIsOpTerminated@@YGEPAUSAOChannel@LOCAL_DEVICE_INFO@@@Z 00019ba8 f   kernelWDM.obj
 0001:000098ec       ?meAOEnableInterrupt@@YGXPAUSAOChannel@LOCAL_DEVICE_INFO@@@Z 00019bcc f   kernelWDM.obj
 0001:0000990a       ?MapAndLockUserMem@@YGPAXPAXKAAPAU_MDL@@@Z 00019bea f   kernelWDM.obj
 0001:00009960       ?UnlockAndUnmapUserMem@@YGXPAU_MDL@@@Z 00019c40 f   kernelWDM.obj
 0001:00009993       ?ReadCalibrationValues@@YGXPAUSTraceObject@@PAULOCAL_DEVICE_INFO@@@Z 00019c73 f   kernelWDM.obj
 0001:00009cca       ?CalculateCalibParameters@@YGXFFFFPAUSAICalibParam@@@Z 00019faa f   kernelWDM.obj
 0001:00009d1e       ?CalculateAllCalibParameters@@YGXPAULOCAL_DEVICE_INFO@@@Z 00019ffe f   kernelWDM.obj
 0001:0000a3ca       ?meHWLoadFirmware@@YGHPAUSTraceObject@@KKKEE@Z 0001a6aa f   hardwareWDM.obj
 0001:0000a976       ?ME_READ_PORT_UCHAR@@YGEPAUSTraceObject@@PAE@Z 0001ac56 f i hardwareWDM.obj
 0001:0000a9a6       ?EepromClock@@YGXPAUSTraceObject@@PAK@Z 0001ac86 f   hardwareWDM.obj
 0001:0000a9d6       ?EepromSendCmd@@YGXPAUSTraceObject@@GPAK@Z 0001acb6 f   hardwareWDM.obj
 0001:0000aaa1       ?meHWWriteEEPROM@@YGHPAUSTraceObject@@KHG@Z 0001ad81 f   hardwareWDM.obj
 0001:0000ab84       ?meHWReadEEPROM@@YGHPAUSTraceObject@@KHAAG@Z 0001ae64 f   hardwareWDM.obj
 0001:0000ac9c       ?meHWResetBoard@@YGHPAUSTraceObject@@KKEIEE@Z 0001af7c f   hardwareWDM.obj
 0001:0000b2aa       ?ME_WRITE_PORT_ULONG@@YGXPAUSTraceObject@@PAKK@Z 0001b58a f i hardwareWDM.obj
 0001:0000b358       ?meHWAIWriteChannelList@@YGHPAUSTraceObject@@KPAEI@Z 0001b638 f   hardwareWDM.obj
 0001:0000b50f       ?meHWAISetTimers@@YGHPAUSTraceObject@@KK_K@Z 0001b7ef f   hardwareWDM.obj
 0001:0000b784       ?meHWAIConfig@@YGHPAUSTraceObject@@KHHHH@Z 0001ba64 f   hardwareWDM.obj
 0001:0000b8d7       ?meHWAIStart@@YGHPAUSTraceObject@@KIE@Z 0001bbb7 f   hardwareWDM.obj
 0001:0000ba34       ?meHWAIStop@@YGHPAUSTraceObject@@K@Z 0001bd14 f   hardwareWDM.obj
 0001:0000bb36       ?meHWAIIsDataFIFOEmpty@@YGHPAUSTraceObject@@KAAE@Z 0001be16 f   hardwareWDM.obj
 0001:0000bc7a       ?meHWAOSingle@@YGHPAUSTraceObject@@KKPAIHPAH2PAFEE@Z 0001bf5a f   hardwareWDM.obj
 0001:0000c5c0       ?meHWAOSingleIsTriggered@@YGHPAUSTraceObject@@KIEAAE@Z 0001c8a0 f   hardwareWDM.obj
 0001:0000c6be       ?meHWAOSingleResetTrigger@@YGHPAUSTraceObject@@KIE@Z 0001c99e f   hardwareWDM.obj
 0001:0000c8d4       ?meHWAOSetTimer@@YGHPAUSTraceObject@@KIK@Z 0001cbb4 f   hardwareWDM.obj
 0001:0000c9f6       ?meAOHWLoadFIFO@@YGHPAUSTraceObject@@KIEPAFKE@Z 0001ccd6 f   hardwareWDM.obj
 0001:0000cb6a       ?meHWAOWraparound@@YGHPAUSTraceObject@@KI@Z 0001ce4a f   hardwareWDM.obj
 0001:0000cc8a       ?meHWAOContinuous@@YGHPAUSTraceObject@@KIEE@Z 0001cf6a f   hardwareWDM.obj
 0001:0000ce03       ?meHWAOStart@@YGHPAUSTraceObject@@KKPAIHPAH2EE@Z 0001d0e3 f   hardwareWDM.obj
 0001:0000d612       ?meHWAOIsOpTerminated@@YGHPAUSTraceObject@@KIAAE@Z 0001d8f2 f   hardwareWDM.obj
 0001:0000d6f5       ?meHWAOEndWraparound@@YGHPAUSTraceObject@@KI@Z 0001d9d5 f   hardwareWDM.obj
 0001:0000d81e       ?meHWAOStop@@YGHPAUSTraceObject@@KIEEG@Z 0001dafe f   hardwareWDM.obj
 0001:0000da54       ?meHWAOIsOpStarted@@YGHPAUSTraceObject@@KIAAE@Z 0001dd34 f   hardwareWDM.obj
 0001:0000db5f       ?meHWAOEnableInterrupt@@YGHPAUSTraceObject@@KIE@Z 0001de3f f   hardwareWDM.obj
 0001:0000dcb7       ?meHWDIOConfig@@YGHPAUSTraceObject@@KIHH@Z 0001df97 f   hardwareWDM.obj
 0001:0000de41       ?meHWDIOGetBit@@YGHPAUSTraceObject@@KIIAAH@Z 0001e121 f   hardwareWDM.obj
 0001:0000df28       ?meHWDIOGetByte@@YGHPAUSTraceObject@@KIAAE@Z 0001e208 f   hardwareWDM.obj
 0001:0000e015       ?meHWDIOSetBit@@YGHPAUSTraceObject@@KIIH@Z 0001e2f5 f   hardwareWDM.obj
 0001:0000e12a       ?meHWDIOSetByte@@YGHPAUSTraceObject@@KIE@Z 0001e40a f   hardwareWDM.obj
 0001:0000e20d       ?meHWDIOME6000Config@@YGHPAUSTraceObject@@KIH@Z 0001e4ed f   hardwareWDM.obj
 0001:0000e333       ?meHWDIOME6000GetBit@@YGHPAUSTraceObject@@KIIAAH@Z 0001e613 f   hardwareWDM.obj
 0001:0000e414       ?meHWDIOME6000GetByte@@YGHPAUSTraceObject@@KIAAE@Z 0001e6f4 f   hardwareWDM.obj
 0001:0000e4f3       ?meHWDIOME6000SetBit@@YGHPAUSTraceObject@@KIIH@Z 0001e7d3 f   hardwareWDM.obj
 0001:0000e5fe       ?meHWDIOME6000SetByte@@YGHPAUSTraceObject@@KIE@Z 0001e8de f   hardwareWDM.obj
 0001:0000e6cb       ?meHWDAC3ToDIOEnable@@YGHPAUSTraceObject@@KH@Z 0001e9ab f   hardwareWDM.obj
 0001:0000e7be       ?meHWSetDIOFunction@@YGHPAUSTraceObject@@KH@Z 0001ea9e f   hardwareWDM.obj
 0001:0000e8d0       ?meHWWriteMuxList@@YGHPAUSTraceObject@@KPAEI@Z 0001ebb0 f   hardwareWDM.obj
 0001:0000ea12       ?meHWExtIrqEnable@@YGHPAUSTraceObject@@K@Z 0001ecf2 f   hardwareWDM.obj
 0001:0000ead5       ?meHWExtIrqDisable@@YGHPAUSTraceObject@@K@Z 0001edb5 f   hardwareWDM.obj
 0001:0000ebc4       ?meHWCntWrite@@YGHPAUSTraceObject@@KIHG@Z 0001eea4 f   hardwareWDM.obj
 0001:0000ed21       ?meHWCntRead@@YGHPAUSTraceObject@@KIAAG@Z 0001f001 f   hardwareWDM.obj
 0001:0000ee09       ?meHWCntPWMStop@@YGHPAUSTraceObject@@K@Z 0001f0e9 f   hardwareWDM.obj
 0001:0000eee0       ?meHWCalibrationReadAIRaw@@YGHPAUSTraceObject@@KEAAF@Z 0001f1c0 f   hardwareWDM.obj
 0001:0000f1ac       ?DtCreateOrOpenTraceFile@@YGJPAUSTraceObject@@@Z 0001f48c f   meDrvTrc.obj
 0001:0000f230       ?DtWriteFile@@YGXPAUSTraceObject@@PAEK@Z 0001f510 f   meDrvTrc.obj
 0001:0000f280       ?DtCloseFile@@YGXPAUSTraceObject@@@Z 0001f560 f   meDrvTrc.obj
 0001:0000f2a2       ?DtInitTraceObject@@YGHPAUSTraceObject@@IIE@Z 0001f582 f   meDrvTrc.obj
 0001:0000f584       ?DtStart@@YGHPAUSTraceObject@@PAG@Z 0001f864 f   meDrvTrc.obj
 0001:0000fa3c       ?DtTrace@@YAHPAUSTraceObject@@GGPBDZZ 0001fd1c f   meDrvTrc.obj
 0001:0000fe70       ?DtStop@@YGHPAUSTraceObject@@@Z 00020150 f   meDrvTrc.obj
 0001:0000ff06       ?DtReleaseTraceObject@@YGHPAUSTraceObject@@@Z 000201e6 f   meDrvTrc.obj
 0001:0000ff2e       ?DtOutputThread@@YGXPAX@Z  0002020e f   meDrvTrc.obj
 0001:0000ffa8       ?DtDPCOutputThreadEvent@@YGXPAU_KDPC@@PAX11@Z 00020288 f   meDrvTrc.obj
 0001:0000ffee       ?DtWriteLinesToFile@@YGXPAUSTraceObject@@@Z 000202ce f   meDrvTrc.obj
 0001:00010100       _SeekI21File@12            000203e0 f   Fileio98.obj
 0001:00010138       _Win98OpenFile             00020418 f   Fileio98.obj
 0001:0001031c       _Win98OpenFileForReading   000205fc f   Fileio98.obj
 0001:000104e4       _Win98CloseFile            000207c4 f   Fileio98.obj
 0001:00010534       _Win98ReadFile             00020814 f   Fileio98.obj
 0001:000105ca       _Win98WriteFile            000208aa f   Fileio98.obj
 0001:00010690       ?MELogError@@YAJPAXJ0EIZZ  00020970 f   meLogerror.obj
 0001:00010800       __alldiv                   00020ae0 f   int64:lldiv.obj
 0001:000108b0       __allmul                   00020b90 f   int64:llmul.obj
 0001:000108f0       __aullshr                  00020bd0 f   int64:ullshr.obj
 0001:00010910       __allshl                   00020bf0 f   int64:llshl.obj
 0001:00010930       _DbgPrint                  00020c10 f   ntoskrnl:ntoskrnl.exe
 0001:00010936       _KeGetCurrentThread@0      00020c16 f   ntoskrnl:ntoskrnl.exe
 0002:00000000       _LCODE__HeapAllocate       00020c20     vxdwraps:vmm021.obj
 0002:00000008       _LCODE_VMM_GetSystemInitState 00020c28     vxdwraps:vmm2c1.obj
 0002:00000010       _LCODE_Get_Config_Directory 00020c30     vxdwraps:vmm4e1.obj
 0002:0000001c       _LCODE__HeapFree           00020c3c     vxdwraps:vmm031.obj
 0003:00000000       __imp__KeGetCurrentIrql@0  00020c60     hal:HAL.dll
 0003:00000004       __imp__READ_PORT_UCHAR@4   00020c64     hal:HAL.dll
 0003:00000008       __imp__READ_PORT_ULONG@4   00020c68     hal:HAL.dll
 0003:0000000c       __imp__WRITE_PORT_ULONG@8  00020c6c     hal:HAL.dll
 0003:00000010       __imp__WRITE_PORT_UCHAR@8  00020c70     hal:HAL.dll
 0003:00000014       __imp__READ_PORT_USHORT@4  00020c74     hal:HAL.dll
 0003:00000018       __imp__READ_PORT_BUFFER_USHORT@12 00020c78     hal:HAL.dll
 0003:0000001c       \177HAL_NULL_THUNK_DATA    00020c7c     hal:HAL.dll
 0003:00000020       __imp__IoDisconnectInterrupt@4 00020c80     ntoskrnl:ntoskrnl.exe
 0003:00000024       __imp__KeInitializeDpc@12  00020c84     ntoskrnl:ntoskrnl.exe
 0003:00000028       __imp__RtlUnicodeStringToInteger@12 00020c88     ntoskrnl:ntoskrnl.exe
 0003:0000002c       __imp__IoGetDeviceProperty@20 00020c8c     ntoskrnl:ntoskrnl.exe
 0003:00000030       __imp__KeWaitForSingleObject@20 00020c90     ntoskrnl:ntoskrnl.exe
 0003:00000034       __imp_@IofCallDriver@8     00020c94     ntoskrnl:ntoskrnl.exe
 0003:00000038       __imp__IoBuildSynchronousFsdRequest@28 00020c98     ntoskrnl:ntoskrnl.exe
 0003:0000003c       __imp__KeInitializeEvent@12 00020c9c     ntoskrnl:ntoskrnl.exe
 0003:00000040       __imp__IoAttachDeviceToDeviceStack@8 00020ca0     ntoskrnl:ntoskrnl.exe
 0003:00000044       __imp__IoCreateDevice@28   00020ca4     ntoskrnl:ntoskrnl.exe
 0003:00000048       __imp__RtlAppendUnicodeStringToString@8 00020ca8     ntoskrnl:ntoskrnl.exe
 0003:0000004c       __imp__RtlIntegerToUnicodeString@12 00020cac     ntoskrnl:ntoskrnl.exe
 0003:00000050       __imp__IoCreateSymbolicLink@8 00020cb0     ntoskrnl:ntoskrnl.exe
 0003:00000054       __imp__KeInitializeTimer@4 00020cb4     ntoskrnl:ntoskrnl.exe
 0003:00000058       __imp__IoConnectInterrupt@44 00020cb8     ntoskrnl:ntoskrnl.exe
 0003:0000005c       __imp__MmMapIoSpace@16     00020cbc     ntoskrnl:ntoskrnl.exe
 0003:00000060       __imp__IoDeleteSymbolicLink@4 00020cc0     ntoskrnl:ntoskrnl.exe
 0003:00000064       __imp__IoDetachDevice@4    00020cc4     ntoskrnl:ntoskrnl.exe
 0003:00000068       __imp__PoCallDriver@8      00020cc8     ntoskrnl:ntoskrnl.exe
 0003:0000006c       __imp__PoStartNextPowerIrp@4 00020ccc     ntoskrnl:ntoskrnl.exe
 0003:00000070       __imp__KeSetEvent@12       00020cd0     ntoskrnl:ntoskrnl.exe
 0003:00000074       __imp_@InterlockedIncrement@4 00020cd4     ntoskrnl:ntoskrnl.exe
 0003:00000078       __imp_@InterlockedDecrement@4 00020cd8     ntoskrnl:ntoskrnl.exe
 0003:0000007c       __imp__KeResetEvent@4      00020cdc     ntoskrnl:ntoskrnl.exe
 0003:00000080       __imp__KeCancelTimer@4     00020ce0     ntoskrnl:ntoskrnl.exe
 0003:00000084       __imp__KeSetTimer@16       00020ce4     ntoskrnl:ntoskrnl.exe
 0003:00000088       __imp__MmUnmapIoSpace@8    00020ce8     ntoskrnl:ntoskrnl.exe
 0003:0000008c       __imp__IoIsWdmVersionAvailable@8 00020cec     ntoskrnl:ntoskrnl.exe
 0003:00000090       __imp__ObReferenceObjectByHandle@24 00020cf0     ntoskrnl:ntoskrnl.exe
 0003:00000094       __imp__ExEventObjectType   00020cf4     ntoskrnl:ntoskrnl.exe
 0003:00000094       _ExEventObjectType         00020cf4     ntoskrnl:ntoskrnl.exe
 0003:00000098       __imp_@InterlockedExchange@8 00020cf8     ntoskrnl:ntoskrnl.exe
 0003:0000009c       __imp__DbgPrint            00020cfc     ntoskrnl:ntoskrnl.exe
 0003:000000a0       __imp__MmMapLockedPages@8  00020d00     ntoskrnl:ntoskrnl.exe
 0003:000000a4       __imp__MmProbeAndLockPages@12 00020d04     ntoskrnl:ntoskrnl.exe
 0003:000000a8       __imp__IoAllocateMdl@20    00020d08     ntoskrnl:ntoskrnl.exe
 0003:000000ac       __imp__IoFreeMdl@4         00020d0c     ntoskrnl:ntoskrnl.exe
 0003:000000b0       __imp__MmUnlockPages@4     00020d10     ntoskrnl:ntoskrnl.exe
 0003:000000b4       __imp__ZwClose@4           00020d14     ntoskrnl:ntoskrnl.exe
 0003:000000b8       __imp__ZwReadFile@36       00020d18     ntoskrnl:ntoskrnl.exe
 0003:000000bc       __imp__ZwCreateFile@44     00020d1c     ntoskrnl:ntoskrnl.exe
 0003:000000c0       __imp__RtlInitUnicodeString@8 00020d20     ntoskrnl:ntoskrnl.exe
 0003:000000c4       __imp__KeDelayExecutionThread@12 00020d24     ntoskrnl:ntoskrnl.exe
 0003:000000c8       __imp__RtlConvertLongToLargeInteger@4 00020d28     ntoskrnl:ntoskrnl.exe
 0003:000000cc       __imp__ZwWriteFile@36      00020d2c     ntoskrnl:ntoskrnl.exe
 0003:000000d0       __imp__PsCreateSystemThread@28 00020d30     ntoskrnl:ntoskrnl.exe
 0003:000000d4       __imp__RtlCompareMemory@12 00020d34     ntoskrnl:ntoskrnl.exe
 0003:000000d8       __imp__RtlQueryRegistryValues@20 00020d38     ntoskrnl:ntoskrnl.exe
 0003:000000dc       __imp__PsTerminateSystemThread@4 00020d3c     ntoskrnl:ntoskrnl.exe
 0003:000000e0       __imp__KeClearEvent@4      00020d40     ntoskrnl:ntoskrnl.exe
 0003:000000e4       __imp__KeSetPriorityThread@8 00020d44     ntoskrnl:ntoskrnl.exe
 0003:000000e8       __imp__KeGetCurrentThread@0 00020d48     ntoskrnl:ntoskrnl.exe
 0003:000000ec       __imp___strlwr             00020d4c     ntoskrnl:ntoskrnl.exe
 0003:000000f0       __imp__IoWriteErrorLogEntry@4 00020d50     ntoskrnl:ntoskrnl.exe
 0003:000000f4       __imp__IoAllocateErrorLogEntry@8 00020d54     ntoskrnl:ntoskrnl.exe
 0003:000000f8       __imp__IoDeleteDevice@4    00020d58     ntoskrnl:ntoskrnl.exe
 0003:000000fc       __imp_@IofCompleteRequest@8 00020d5c     ntoskrnl:ntoskrnl.exe
 0003:00000100       __imp__RtlAppendUnicodeToString@8 00020d60     ntoskrnl:ntoskrnl.exe
 0003:00000104       __imp__ExAllocatePoolWithTag@12 00020d64     ntoskrnl:ntoskrnl.exe
 0003:00000108       __imp__RtlCopyUnicodeString@8 00020d68     ntoskrnl:ntoskrnl.exe
 0003:0000010c       __imp__KeInsertQueueDpc@12 00020d6c     ntoskrnl:ntoskrnl.exe
 0003:00000110       __imp__ExFreePool@4        00020d70     ntoskrnl:ntoskrnl.exe
 0003:00000114       __imp_@ObfDereferenceObject@4 00020d74     ntoskrnl:ntoskrnl.exe
 0003:00000118       \177ntoskrnl_NULL_THUNK_DATA 00020d78     ntoskrnl:ntoskrnl.exe
 0003:00000174       ??_C@_0CE@OFOK@?5?5?5?5Output?5DWord?50x?$CF08x?5?9?9?$DO?50x?$CF0@ 00020dd4     kernelWDM.obj
 0003:00000198       ??_C@_0CD@GOEF@?5?5?5?5Input?5DWord?50x?$CF08x?5?$DM?9?9?50x?$CF04@ 00020df8     kernelWDM.obj
 0003:000001bc       ??_C@_0CC@JENK@?5?5?5?5Input?5Byte?50x?$CF02x?5?$DM?9?9?50x?$CF04x@ 00020e1c     hardwareWDM.obj
 0003:000001e0       ??_C@_0CD@DCEA@?5?5?5?5Output?5Byte?50x?$CF02x?5?9?9?$DO?50x?$CF04@ 00020e40     hardwareWDM.obj
 0004:00000010       ?meTraceObject@@3USTraceObject@@A 00020e90     Wdm.obj
 0005:00000000       __IMPORT_DESCRIPTOR_ntoskrnl 00020f20     ntoskrnl:ntoskrnl.exe
 0005:00000014       __IMPORT_DESCRIPTOR_HAL    00020f34     hal:HAL.dll
 0005:00000028       __NULL_IMPORT_DESCRIPTOR   00020f48     ntoskrnl:ntoskrnl.exe

 entry point at        0001:00000259

 Static symbols


Line numbers for Release\meLogerror.obj(.\..\..\meCommon\meLogError.cpp) segment .text

    18 0001:00010690    19 0001:00010698    23 0001:0001069a    25 0001:000106a5
    28 0001:000106a8    30 0001:000106ad    36 0001:000106bc    40 0001:000106c0
    45 0001:000106c4    50 0001:000106cb    59 0001:000106d2    61 0001:000106d8
    63 0001:000106de    72 0001:000106e1    76 0001:000106f0    79 0001:000106f2
    99 0001:000106ff    79 0001:00010706    86 0001:00010708    90 0001:0001070b
   106 0001:00010712   110 0001:0001071c   129 0001:00010730   133 0001:00010751
   137 0001:00010764   140 0001:00010779   144 0001:0001077d   150 0001:00010783
   144 0001:00010792   152 0001:00010795   154 0001:0001079d   156 0001:000107b1
   160 0001:000107b7   164 0001:000107c9   166 0001:000107cd   150 0001:000107d2
   171 0001:000107da   173 0001:000107e1   179 0001:000107f0

Line numbers for Release\Fileio98.obj(.\..\..\meCommon\Fileio98.cpp) segment .text

    38 0001:00010100    39 0001:00010104    40 0001:00010109    41 0001:0001010c
    42 0001:0001010f    43 0001:00010112    44 0001:00010114    45 0001:00010117
    47 0001:00010119    49 0001:0001011f    50 0001:00010122    51 0001:00010125
    52 0001:00010127    60 0001:00010138    70 0001:00010141    72 0001:00010147
    76 0001:0001014d    78 0001:00010155    86 0001:0001015c    87 0001:0001016a
    89 0001:00010182    91 0001:00010189    92 0001:000101af    93 0001:000101bf
    94 0001:000101ee   101 0001:00010219   102 0001:0001021d   103 0001:0001023b
   107 0001:0001023e   109 0001:0001024a    65 0001:00010269    66 0001:0001026c
    67 0001:00010270    68 0001:00010274    69 0001:00010277    70 0001:0001027a
    72 0001:0001027d    75 0001:00010283    76 0001:00010285    77 0001:00010288
    78 0001:0001028a    79 0001:0001028d    80 0001:00010290    81 0001:00010292
    84 0001:00010294   109 0001:00010298   110 0001:0001029c   112 0001:0001029e
   116 0001:000102a0   117 0001:000102a5   118 0001:000102a9   119 0001:000102ad
   120 0001:000102b1   121 0001:000102b4   122 0001:000102b6   123 0001:000102bc
   126 0001:000102be   130 0001:000102c4   131 0001:000102c7   132 0001:000102c9
   133 0001:000102cc   135 0001:000102ce   138 0001:000102d1   141 0001:000102d6
   142 0001:000102da   144 0001:000102e1   145 0001:000102eb   146 0001:000102f0
   148 0001:000102f7   150 0001:000102fa   151 0001:00010300   152 0001:00010308
   153 0001:0001030a   159 0001:0001031c   169 0001:00010325   171 0001:0001032b
   175 0001:00010331   177 0001:00010339   185 0001:00010340   186 0001:0001034e
   188 0001:00010366   190 0001:0001036d   191 0001:00010393   192 0001:000103a3
   193 0001:000103d2   199 0001:000103fd   200 0001:00010408   201 0001:0001040b
   202 0001:0001040f   206 0001:00010412   208 0001:0001041e   164 0001:0001043d
   165 0001:00010440   166 0001:00010444   167 0001:00010448   168 0001:0001044b
   169 0001:0001044e   171 0001:00010451   174 0001:00010457   175 0001:00010459
   176 0001:0001045c   177 0001:0001045e   178 0001:00010461   179 0001:00010464
   180 0001:00010466   183 0001:00010468   208 0001:0001046c   209 0001:00010470
   211 0001:00010472   215 0001:00010474   216 0001:00010479   217 0001:0001047d
   218 0001:00010481   219 0001:00010485   220 0001:00010488   221 0001:0001048a
   222 0001:00010490   225 0001:00010492   229 0001:00010498   230 0001:0001049b
   231 0001:0001049d   232 0001:000104a0   234 0001:000104a2   237 0001:000104a5
   240 0001:000104ab   241 0001:000104af   243 0001:000104b6   244 0001:000104c0
   245 0001:000104c5   247 0001:000104cc   249 0001:000104cf   250 0001:000104d5
   251 0001:000104dd   252 0001:000104df   258 0001:000104e4   259 0001:000104e7
   261 0001:000104ef   263 0001:000104f5   264 0001:000104fa   265 0001:000104fd
   266 0001:000104ff   267 0001:00010501   269 0001:00010507   270 0001:00010509
   261 0001:0001050e   262 0001:00010513   264 0001:00010516   265 0001:0001051c
   266 0001:0001051e   268 0001:00010520   272 0001:00010523   274 0001:0001052c
   275 0001:0001052f   307 0001:00010534   311 0001:0001053d   313 0001:00010543
   315 0001:00010549   316 0001:0001054e   317 0001:00010551   318 0001:00010553
   319 0001:00010556   320 0001:00010559   321 0001:0001055b   322 0001:00010561
   323 0001:00010564   324 0001:00010566   326 0001:00010569   327 0001:0001056e
   312 0001:00010586   313 0001:00010589   314 0001:0001058c   315 0001:0001058f
   316 0001:00010592   318 0001:00010595   321 0001:0001059b   322 0001:0001059d
   323 0001:000105a0   324 0001:000105a2   326 0001:000105a4   327 0001:000105a8
   329 0001:000105ac   331 0001:000105b0   332 0001:000105b8   333 0001:000105bb
   336 0001:000105bf   337 0001:000105c4   344 0001:000105ca   348 0001:000105d3
   350 0001:000105d9   353 0001:000105df   355 0001:000105ea   356 0001:000105ef
   357 0001:000105f2   358 0001:000105f4   359 0001:000105f7   360 0001:000105fa
   361 0001:000105fc   362 0001:00010602   363 0001:00010605   364 0001:00010607
   366 0001:0001060a   371 0001:0001060f   347 0001:0001061a   348 0001:0001061f
   350 0001:00010622   353 0001:00010628   354 0001:0001062a   355 0001:0001062d
   356 0001:0001062f   358 0001:00010631   373 0001:00010634   349 0001:0001064c
   350 0001:0001064f   351 0001:00010652   352 0001:00010655   353 0001:00010658
   355 0001:0001065b   358 0001:00010661   359 0001:00010663   360 0001:00010666
   361 0001:00010668   363 0001:0001066a   373 0001:0001066e   376 0001:00010672
   378 0001:00010676   379 0001:0001067e   380 0001:00010681   383 0001:00010685
   384 0001:0001068a

Line numbers for Release\meDrvTrc.obj(.\..\..\meCommon\meDrvTrc.cpp) segment .text

   123 0001:0000f1ac   124 0001:0000f1b4   132 0001:0000f1c1   134 0001:0000f1c7
   135 0001:0000f1cc   137 0001:0000f1cf   139 0001:0000f1d1   142 0001:0000f1d3
   144 0001:0000f1da   159 0001:0000f1dd   167 0001:0000f1ff   175 0001:0000f201
   184 0001:0000f20d   186 0001:0000f21f   188 0001:0000f223   193 0001:0000f22c
   197 0001:0000f230   198 0001:0000f236   217 0001:0000f243   219 0001:0000f264
   225 0001:0000f266   227 0001:0000f27b   230 0001:0000f280   235 0001:0000f28b
   237 0001:0000f296   241 0001:0000f298   243 0001:0000f29e   332 0001:0000f2a2
   339 0001:0000f2a5   357 0001:0000f2ad   359 0001:0000f2e6   363 0001:0000f2f8
   365 0001:0000f310   369 0001:0000f322   371 0001:0000f337   387 0001:0000f34e
   389 0001:0000f371   393 0001:0000f374   396 0001:0000f386   397 0001:0000f389
   400 0001:0000f584   409 0001:0000f590   415 0001:0000f59b   417 0001:0000f59f
   419 0001:0000f5a9   426 0001:0000f5b2   428 0001:0000f5bb   435 0001:0000f5c4
   437 0001:0000f5cd   444 0001:0000f5d6   446 0001:0000f5df   453 0001:0000f5e8
   455 0001:0000f5f1   462 0001:0000f5fa   464 0001:0000f603   471 0001:0000f60c
   473 0001:0000f615   480 0001:0000f61e   482 0001:0000f629   483 0001:0000f712
   487 0001:0000f718   488 0001:0000f71e   489 0001:0000f728   491 0001:0000f731
   498 0001:0000f73a   500 0001:0000f743   507 0001:0000f74c   509 0001:0000f755
   516 0001:0000f75e   518 0001:0000f767   525 0001:0000f770   527 0001:0000f779
   534 0001:0000f782   536 0001:0000f78b   543 0001:0000f794   545 0001:0000f79d
   556 0001:0000f7a6   566 0001:0000f7ac   576 0001:0000f89d   580 0001:0000f8aa
   582 0001:0000f8b4   585 0001:0000f8b6   587 0001:0000f8bb   590 0001:0000f8be
   592 0001:0000f8c3   595 0001:0000f8c5   597 0001:0000f8ca   600 0001:0000f8cd
   602 0001:0000f8cf   604 0001:0000f8d4   607 0001:0000f8d6   609 0001:0000f8db
   612 0001:0000f8dd   614 0001:0000f8e2   617 0001:0000f8e4   619 0001:0000f8e9
   622 0001:0000f8eb   624 0001:0000f8f0   627 0001:0000f8f2   629 0001:0000f8f7
   632 0001:0000f8f9   634 0001:0000f8fe   637 0001:0000f900   639 0001:0000f905
   642 0001:0000f907   644 0001:0000f90c   647 0001:0000f90f   649 0001:0000f914
   652 0001:0000f917   658 0001:0000f91d   670 0001:0000f932   674 0001:0000f946
   685 0001:0000f94f   687 0001:0000f97c   690 0001:0000f988   696 0001:0000f993
   698 0001:0000f9ad   701 0001:0000f9b0   703 0001:0000f9b5   706 0001:0000f9be
   708 0001:0000f9c7   710 0001:0000f9ce   715 0001:0000f9dd   727 0001:0000f9ed
   729 0001:0000fa09   731 0001:0000fa0b   740 0001:0000fa0d   743 0001:0000fa1e
   745 0001:0000fa20   748 0001:0000fa22   751 0001:0000fa2b   753 0001:0000fa34
   754 0001:0000fa37   760 0001:0000fa3c   761 0001:0000fa43   765 0001:0000fa4c
   768 0001:0000fa52   772 0001:0000fa59   775 0001:0000fa5f   782 0001:0000fa80
   788 0001:0000fa95   792 0001:0000fa9e   794 0001:0000faa3   797 0001:0000faa8
   799 0001:0000faab   804 0001:0000fab4   811 0001:0000fac4   814 0001:0000face
   820 0001:0000fad1   825 0001:0000fad7   833 0001:0000fada   835 0001:0000fadf
   837 0001:0000fae8   839 0001:0000faf3   841 0001:0000fafb   851 0001:0000fb06
   887 0001:0000fb18   889 0001:0000fb1d   892 0001:0000fb24   894 0001:0000fb28
   897 0001:0000fb2d   900 0001:0000fb32   903 0001:0000fb3e   905 0001:0000fb4e
   906 0001:0000fb53  1083 0001:0000fb92  1089 0001:0000fb97  1091 0001:0000fba2
  1095 0001:0000fba7  1099 0001:0000fbb1  1101 0001:0000fbb6  1103 0001:0000fbbf
  1105 0001:0000fbc2  1110 0001:0000fbc6  1115 0001:0000fbd6  1119 0001:0000fbdb
  1121 0001:0000fbe0  1123 0001:0000fbe5  1125 0001:0000fbea  1130 0001:0000fbef
  1135 0001:0000fbff  1139 0001:0000fc04  1143 0001:0000fc06  1145 0001:0000fc17
  1147 0001:0000fc1c  1152 0001:0000fc21  1154 0001:0000fc27  1160 0001:0000fc41
  1162 0001:0000fc43   911 0001:0000fc48   915 0001:0000fc4c   918 0001:0000fc50
   942 0001:0000fc73   944 0001:0000fc78   946 0001:0000fc7c   948 0001:0000fc80
   953 0001:0000fc82   999 0001:0000fc84  1000 0001:0000fc8c  1002 0001:0000fc8e
   982 0001:0000fc90   983 0001:0000fc94   990 0001:0000fc9b   991 0001:0000fca0
   992 0001:0000fca6   994 0001:0000fcaa   924 0001:0000fcac   926 0001:0000fcb2
   928 0001:0000fcb7   930 0001:0000fcbb   933 0001:0000fcbd   935 0001:0000fcc0
   918 0001:0000fcc2   959 0001:0000fcd3   961 0001:0000fcdb   966 0001:0000fcdd
   967 0001:0000fce1   974 0001:0000fce8   975 0001:0000fcf0  1007 0001:0000fcf3
  1011 0001:0000fcf5  1013 0001:0000fcff  1016 0001:0000fd04  1018 0001:0000fd0a
  1020 0001:0000fd0d  1022 0001:0000fd0f  1027 0001:0000fd12  1028 0001:0000fd1d
  1030 0001:0000fd1e  1032 0001:0000fd25  1034 0001:0000fd2c  1037 0001:0000fd32
  1041 0001:0000fd35  1043 0001:0000fd3a  1045 0001:0000fd40  1047 0001:0000fd45
  1049 0001:0000fd47  1041 0001:0000fd4c  1053 0001:0000fd4f  1055 0001:0000fd55
  1058 0001:0000fd5b  1063 0001:0000fd5f  1067 0001:0000fd67  1068 0001:0000fd6d
  1071 0001:0000fd73  1073 0001:0000fd76  1075 0001:0000fd80  1169 0001:0000fd8d
   854 0001:0000fd8f   856 0001:0000fd94   858 0001:0000fd98   860 0001:0000fd9c
   862 0001:0000fd9f   863 0001:0000fda1   865 0001:0000fdb3   867 0001:0000fdb9
   872 0001:0000fdc7   876 0001:0000fdcd   878 0001:0000fdcf   880 0001:0000fdd7
  1173 0001:0000fde6  1177 0001:0000fdec  1217 0001:0000fdf9  1219 0001:0000fe04
  1223 0001:0000fe08  1179 0001:0000fe13  1185 0001:0000fe1c  1191 0001:0000fe32
  1195 0001:0000fe3e  1197 0001:0000fe44  1203 0001:0000fe4a  1205 0001:0000fe5a
  1211 0001:0000fe5c  1227 0001:0000fe6d  1230 0001:0000fe70  1231 0001:0000fe77
  1233 0001:0000fe7d  1239 0001:0000fe90  1251 0001:0000fea1  1259 0001:0000fea9
  1261 0001:0000feb6  1271 0001:0000feb8  1275 0001:0000fec6  1280 0001:0000fed5
  1283 0001:0000fede  1285 0001:0000feee  1287 0001:0000fef5  1290 0001:0000fef7
  1292 0001:0000feff  1293 0001:0000ff02  1296 0001:0000ff06  1299 0001:0000ff19
  1302 0001:0000ff1c  1304 0001:0000ff23  1307 0001:0000ff27  1308 0001:0000ff2a
  1311 0001:0000ff2e  1312 0001:0000ff36  1320 0001:0000ff44  1326 0001:0000ff48
  1328 0001:0000ff67  1333 0001:0000ff6c  1335 0001:0000ff76  1337 0001:0000ff7c
  1339 0001:0000ff99  1340 0001:0000ffa3  1344 0001:0000ffa8  1350 0001:0000ffb6
  1399 0001:0000ffee  1401 0001:0000fff2  1408 0001:00010010  1414 0001:00010015
  1419 0001:0001001b  1424 0001:00010021  1426 0001:00010027  1430 0001:00010029
  1438 0001:0001002f  1440 0001:00010040  1444 0001:0001004a  1446 0001:00010050
  1448 0001:00010056  1456 0001:0001005a  1458 0001:00010066  1460 0001:00010070
  1462 0001:0001007d  1466 0001:00010081  1468 0001:00010084  1470 0001:00010089
  1472 0001:00010091  1475 0001:000100ac  1479 0001:000100bb  1481 0001:000100c1
  1494 0001:000100c7  1500 0001:000100d5  1503 0001:000100e9  1505 0001:000100f0
  1508 0001:000100f6  1509 0001:000100fb

Line numbers for Release\hardwareWDM.obj(.\..\..\meCommon\meDrvTrc.h) segment .text

   157 0001:0000a976   161 0001:0000a983   163 0001:0000a9a0   164 0001:0000a9a3
   208 0001:0000b2aa   209 0001:0000b2ad   212 0001:0000b2b9   213 0001:0000b2d3

Line numbers for Release\hardwareWDM.obj(..\_osi\hardware.cpp) segment .text

   108 0001:0000a3ca   118 0001:0000a3d0   122 0001:0000a3fd   124 0001:0000a403
   126 0001:0000a409   128 0001:0000a410   130 0001:0000a412   133 0001:0000a419
   135 0001:0000a41b   139 0001:0000a422   142 0001:0000a448   143 0001:0000a470
   144 0001:0000a476   147 0001:0000a495   152 0001:0000a4a9   157 0001:0000a4b7
   160 0001:0000a4c8   163 0001:0000a4ee   166 0001:0000a4ff   168 0001:0000a513
   181 0001:0000a51a   188 0001:0000a528   190 0001:0000a530   197 0001:0000a532
   219 0001:0000a53f   221 0001:0000a581   223 0001:0000a583   226 0001:0000a591
   229 0001:0000a595   232 0001:0000a5a9   234 0001:0000a5bd   238 0001:0000a5c4
   239 0001:0000a5df   240 0001:0000a5e5   243 0001:0000a606   249 0001:0000a619
   254 0001:0000a62d   258 0001:0000a62f   270 0001:0000a635   282 0001:0000a63e
   284 0001:0000a658   286 0001:0000a65e   293 0001:0000a660   296 0001:0000a677
   312 0001:0000a681   314 0001:0000a68a   318 0001:0000a697   320 0001:0000a699
   324 0001:0000a69e   328 0001:0000a69f   330 0001:0000a6a7   332 0001:0000a6ad
   334 0001:0000a6b7   336 0001:0000a6bd   338 0001:0000a6cf   362 0001:0000a6d5
   366 0001:0000a6d9   368 0001:0000a6e9   370 0001:0000a6ef   372 0001:0000a6fb
   374 0001:0000a701   376 0001:0000a715   400 0001:0000a71b   402 0001:0000a720
   404 0001:0000a723   406 0001:0000a72a   408 0001:0000a732   410 0001:0000a734
   416 0001:0000a73d   439 0001:0000a749   312 0001:0000a758   452 0001:0000a761
   445 0001:0000a763   452 0001:0000a77d   298 0001:0000a79b   300 0001:0000a7a4
   302 0001:0000a7a8   304 0001:0000a7b3   306 0001:0000a7b5   309 0001:0000a7bb
   418 0001:0000a7c2   420 0001:0000a7cb   422 0001:0000a7cf   424 0001:0000a7da
   426 0001:0000a7dc   430 0001:0000a7e2   433 0001:0000a7f3   435 0001:0000a806
   380 0001:0000a80d   382 0001:0000a816   384 0001:0000a81a   386 0001:0000a825
   388 0001:0000a827   392 0001:0000a82d   395 0001:0000a843   397 0001:0000a848
   342 0001:0000a84a   344 0001:0000a851   346 0001:0000a855   348 0001:0000a860
   350 0001:0000a862   354 0001:0000a868   357 0001:0000a87e   359 0001:0000a891
   454 0001:0000a898   456 0001:0000a8a1   458 0001:0000a8a5   460 0001:0000a8b0
   462 0001:0000a8b2   467 0001:0000a8b8   470 0001:0000a8ce   473 0001:0000a8f3
   476 0001:0000a904   478 0001:0000a917   482 0001:0000a91c   483 0001:0000a936
   484 0001:0000a93c   487 0001:0000a95a   489 0001:0000a96d   490 0001:0000a972
   545 0001:0000a9a6   552 0001:0000a9b4   554 0001:0000a9c6   556 0001:0000a9cc
   557 0001:0000a9d3   561 0001:0000a9d6   565 0001:0000a9da   573 0001:0000a9e6
   575 0001:0000a9f8   577 0001:0000a9fe   587 0001:0000aa09   589 0001:0000aa1c
   591 0001:0000aa20   593 0001:0000aa29   595 0001:0000aa34   601 0001:0000aaa1
   604 0001:0000aaa4   606 0001:0000aaad   608 0001:0000aab5   613 0001:0000aaba
   615 0001:0000aac0   617 0001:0000aace   619 0001:0000aae2   625 0001:0000aafe
   627 0001:0000ab0f   629 0001:0000ab18   634 0001:0000ab20   636 0001:0000ab2b
   641 0001:0000ab2f   643 0001:0000ab4a   650 0001:0000ab58   652 0001:0000ab66
   655 0001:0000ab6c   657 0001:0000ab7a   658 0001:0000ab7f   662 0001:0000ab84
   665 0001:0000ab87   667 0001:0000ab8c   669 0001:0000ab92   675 0001:0000abb7
   677 0001:0000abba   679 0001:0000abc3   681 0001:0000abd0   671 0001:0000abd3
   685 0001:0000abda   686 0001:0000abdd   692 0001:0000ac9c   702 0001:0000ac9d
   706 0001:0000acca   707 0001:0000acee   708 0001:0000acf9   709 0001:0000ad19
   710 0001:0000ad21   712 0001:0000ad3b   716 0001:0000ad46   718 0001:0000ad66
   722 0001:0000ad71   723 0001:0000ad8d   724 0001:0000adaf   725 0001:0000add1
   727 0001:0000adf3   728 0001:0000ae09   729 0001:0000ae25   730 0001:0000ae41
   733 0001:0000ae5d   737 0001:0000ae68   741 0001:0000ae8a   742 0001:0000aeac
   749 0001:0000aec9   751 0001:0000aed0   752 0001:0000aeed   760 0001:0000af0e
   762 0001:0000af36   764 0001:0000af5f   768 0001:0000af64   772 0001:0000af6f
   774 0001:0000af81   776 0001:0000af83   778 0001:0000af85   782 0001:0000af98
   784 0001:0000afb3   786 0001:0000afb8   790 0001:0000afc7   791 0001:0000afdd
   792 0001:0000aff9   793 0001:0000b015   797 0001:0000b031   798 0001:0000b052
   799 0001:0000b073   800 0001:0000b094   803 0001:0000b0b5   807 0001:0000b0c0
   808 0001:0000b0e2   809 0001:0000b0ff   810 0001:0000b11c   812 0001:0000b139
   814 0001:0000b144   815 0001:0000b161   816 0001:0000b17e   817 0001:0000b19b
   819 0001:0000b1be   821 0001:0000b1c9   822 0001:0000b1ec   823 0001:0000b20f
   824 0001:0000b233   826 0001:0000b241   827 0001:0000b24f   828 0001:0000b25d
   829 0001:0000b26b   836 0001:0000b27d   839 0001:0000b28d   841 0001:0000b29f
   842 0001:0000b2a5   846 0001:0000b358   850 0001:0000b35f   852 0001:0000b378
   850 0001:0000b37e   857 0001:0000b380   860 0001:0000b3a6   863 0001:0000b3ca
   864 0001:0000b3d0   867 0001:0000b3f0   868 0001:0000b3f7   872 0001:0000b40e
   883 0001:0000b418   880 0001:0000b433   883 0001:0000b437   888 0001:0000b45b
   890 0001:0000b46f   891 0001:0000b474   895 0001:0000b50f   903 0001:0000b514
   905 0001:0000b530   907 0001:0000b565   909 0001:0000b588   911 0001:0000b599
   913 0001:0000b59a   915 0001:0000b5be   917 0001:0000b5d0   919 0001:0000b5f6
   921 0001:0000b61c   923 0001:0000b62c   925 0001:0000b62e   927 0001:0000b652
   929 0001:0000b676   931 0001:0000b69a   935 0001:0000b6b8   937 0001:0000b6cc
   938 0001:0000b6d1   942 0001:0000b784   952 0001:0000b78a   955 0001:0000b7a8
   959 0001:0000b7cb   963 0001:0000b7d1   965 0001:0000b7d4   967 0001:0000b7dd
   969 0001:0000b7e3   971 0001:0000b7e5   975 0001:0000b7eb   996 0001:0000b7fb
   998 0001:0000b801  1015 0001:0000b803   980 0001:0000b811  1001 0001:0000b817
  1003 0001:0000b820  1005 0001:0000b823  1007 0001:0000b825  1010 0001:0000b828
  1013 0001:0000b841  1015 0001:0000b853  1016 0001:0000b858  1022 0001:0000b8d7
  1028 0001:0000b8da  1030 0001:0000b8f6  1036 0001:0000b91b  1040 0001:0000b942
  1079 0001:0000b96c  1060 0001:0000b97e  1062 0001:0000b984  1064 0001:0000b986
  1067 0001:0000b98c  1069 0001:0000b9ad  1073 0001:0000b9b3  1077 0001:0000b9d9
  1079 0001:0000b9ed  1080 0001:0000b9f2  1083 0001:0000ba34  1087 0001:0000ba4b
  1093 0001:0000ba6f  1103 0001:0000ba93  1105 0001:0000ba99  1108 0001:0000baae
  1110 0001:0000bac0  1111 0001:0000bac6  1114 0001:0000bb36  1116 0001:0000bb3b
  1118 0001:0000bb4c  1120 0001:0000bb71  1135 0001:0000bb82  1137 0001:0000bb9a
  1138 0001:0000bb9e  1143 0001:0000bc7a  1149 0001:0000bc83  1151 0001:0000bc9a
  1159 0001:0000bcc0  1162 0001:0000bcfc  1166 0001:0000bd00  1170 0001:0000bd20
  1172 0001:0000bd23  1176 0001:0000bd4d  1180 0001:0000bd55  1166 0001:0000bd7f
  1183 0001:0000bd82  1187 0001:0000bd88  1189 0001:0000bd95  1191 0001:0000bd98
  1195 0001:0000bdc2  1201 0001:0000bdca  1187 0001:0000bdf4  1207 0001:0000bdf7
  1209 0001:0000bdfb  1211 0001:0000be05  1209 0001:0000be16  1216 0001:0000be19
  1218 0001:0000be1d  1220 0001:0000be27  1225 0001:0000be3a  1227 0001:0000be5f
  1229 0001:0000be68  1241 0001:0000be7a  1234 0001:0000be80  1244 0001:0000be88
  1248 0001:0000bea9  1257 0001:0000bec1  1261 0001:0000bec4  1264 0001:0000bf0b
  1268 0001:0000bf14  1270 0001:0000bf30  1272 0001:0000bf3d  1274 0001:0000bf5a
  1278 0001:0000bf5f  1280 0001:0000bf83  1282 0001:0000bf8c  1284 0001:0000bfbd
  1287 0001:0000bfc8  1308 0001:0000bfdb  1310 0001:0000bfe2  1591 0001:0000bfe4
  1321 0001:0000bfee  1324 0001:0000bff8  1331 0001:0000c025  1333 0001:0000c02b
  1335 0001:0000c047  1337 0001:0000c050  1342 0001:0000c072  1344 0001:0000c08e
  1348 0001:0000c09a  1350 0001:0000c09c  1352 0001:0000c0c6  1356 0001:0000c0ce
  1361 0001:0000c0fb  1365 0001:0000c100  1367 0001:0000c10d  1373 0001:0000c116
  1377 0001:0000c13e  1381 0001:0000c146  1365 0001:0000c170  1385 0001:0000c173
  1389 0001:0000c179  1391 0001:0000c186  1395 0001:0000c18f  1399 0001:0000c1b7
  1405 0001:0000c1bf  1389 0001:0000c1e9  1412 0001:0000c1ec  1414 0001:0000c1f0
  1416 0001:0000c1fa  1423 0001:0000c20b  1425 0001:0000c21c  1430 0001:0000c22f
  1432 0001:0000c254  1434 0001:0000c25d  1446 0001:0000c26f  1439 0001:0000c276
  1454 0001:0000c27e  1460 0001:0000c29f  1469 0001:0000c2b7  1473 0001:0000c2c5
  1475 0001:0000c2ce  1477 0001:0000c2d8  1479 0001:0000c2da  1482 0001:0000c2e1
  1485 0001:0000c314  1489 0001:0000c31d  1491 0001:0000c339  1493 0001:0000c346
  1495 0001:0000c353  1499 0001:0000c358  1501 0001:0000c37c  1505 0001:0000c389
  1507 0001:0000c3b4  1510 0001:0000c3c9  1531 0001:0000c3df  1533 0001:0000c3e6
  1591 0001:0000c3e8  1544 0001:0000c3f2  1547 0001:0000c3fc  1554 0001:0000c429
  1556 0001:0000c42f  1558 0001:0000c44b  1560 0001:0000c454  1565 0001:0000c476
  1567 0001:0000c497  1569 0001:0000c4a3  1575 0001:0000c4a9  1577 0001:0000c4d1
  1581 0001:0000c4d9  1589 0001:0000c503  1591 0001:0000c517  1592 0001:0000c51c
  1596 0001:0000c5c0  1602 0001:0000c5c3  1608 0001:0000c5df  1610 0001:0000c608
  1616 0001:0000c612  1618 0001:0000c62a  1619 0001:0000c62e  1622 0001:0000c6be
  1628 0001:0000c6c1  1632 0001:0000c6e1  1640 0001:0000c6eb  1644 0001:0000c71a
  1648 0001:0000c71d  1654 0001:0000c73d  1656 0001:0000c772  1658 0001:0000c777
  1660 0001:0000c784  1664 0001:0000c789  1670 0001:0000c798  1674 0001:0000c7c1
  1678 0001:0000c7c9  1685 0001:0000c7ec  1687 0001:0000c81e  1689 0001:0000c823
  1693 0001:0000c841  1695 0001:0000c855  1696 0001:0000c85a  1700 0001:0000c8d4
  1706 0001:0000c8d8  1710 0001:0000c8f2  1713 0001:0000c91b  1715 0001:0000c92f
  1716 0001:0000c933  1721 0001:0000c9f6  1733 0001:0000c9f9  1736 0001:0000ca24
  1740 0001:0000ca2a  1744 0001:0000ca55  1746 0001:0000ca5b  1750 0001:0000ca77
  1752 0001:0000ca7e  1757 0001:0000ca9c  1759 0001:0000ca9f  1761 0001:0000caa1
  1763 0001:0000cab2  1766 0001:0000cab4  1785 0001:0000cabb  1777 0001:0000cad1
  1780 0001:0000cad6  1782 0001:0000cada  1785 0001:0000cadd  1789 0001:0000cae8
  1791 0001:0000cafc  1792 0001:0000cb01  1795 0001:0000cb6a  1799 0001:0000cb6e
  1805 0001:0000cb84  1828 0001:0000cbaf  1829 0001:0000cbee  1833 0001:0000cc8a
  1841 0001:0000cc8d  1845 0001:0000ccb0  1849 0001:0000ccd9  1855 0001:0000ccdc
  1859 0001:0000cce9  1863 0001:0000ccef  1865 0001:0000ccf4  1867 0001:0000ccfa
  1869 0001:0000ccfc  1872 0001:0000cd02  1876 0001:0000cd04  1880 0001:0000cd07
  1882 0001:0000cd0c  1884 0001:0000cd0f  1886 0001:0000cd11  1892 0001:0000cd14
  1894 0001:0000cd17  1897 0001:0000cd30  1899 0001:0000cd42  1900 0001:0000cd47
  1905 0001:0000ce03  1911 0001:0000ce0c  1913 0001:0000ce26  1920 0001:0000ce4b
  1923 0001:0000ce76  1927 0001:0000ce7a  1931 0001:0000ce9a  1933 0001:0000ce9d
  1937 0001:0000cec7  1941 0001:0000cecf  1927 0001:0000cef9  1946 0001:0000cefc
  1948 0001:0000cf00  1950 0001:0000cf0a  1948 0001:0000cf1b  1955 0001:0000cf1e
  1957 0001:0000cf22  1959 0001:0000cf2c  1962 0001:0000cf3f  1966 0001:0000cf46
  1968 0001:0000cf76  1970 0001:0000cf79  1972 0001:0000cf84  1976 0001:0000cfb0
  1978 0001:0000cfb3  1980 0001:0000cfde  1984 0001:0000cfe3  1986 0001:0000d00a
  1988 0001:0000d015  1993 0001:0000d01b  1995 0001:0000d022  2000 0001:0000d024
  2003 0001:0000d02c  2007 0001:0000d057  2003 0001:0000d07f  2009 0001:0000d082
  2011 0001:0000d088  2013 0001:0000d0b0  2016 0001:0000d0c4  2037 0001:0000d0d8
  2039 0001:0000d0dc  2262 0001:0000d0de  2050 0001:0000d0e5  2053 0001:0000d0ec
  2060 0001:0000d119  2062 0001:0000d11f  2064 0001:0000d149  2066 0001:0000d155
  2071 0001:0000d180  2073 0001:0000d19c  2077 0001:0000d1a8  2079 0001:0000d1aa
  2081 0001:0000d1d2  2085 0001:0000d1da  2090 0001:0000d207  2095 0001:0000d20c
  2099 0001:0000d219  2101 0001:0000d21c  2105 0001:0000d246  2109 0001:0000d24e
  2095 0001:0000d278  2114 0001:0000d27b  2116 0001:0000d27f  2118 0001:0000d289
  2116 0001:0000d29a  2123 0001:0000d29d  2125 0001:0000d2a1  2127 0001:0000d2ab
  2130 0001:0000d2be  2134 0001:0000d2c5  2136 0001:0000d2f5  2138 0001:0000d2f8
  2140 0001:0000d303  2144 0001:0000d32f  2146 0001:0000d332  2148 0001:0000d34c
  2152 0001:0000d351  2154 0001:0000d378  2156 0001:0000d383  2161 0001:0000d389
  2163 0001:0000d390  2168 0001:0000d392  2171 0001:0000d39a  2175 0001:0000d3c5
  2171 0001:0000d3ed  2177 0001:0000d3f0  2179 0001:0000d3f6  2181 0001:0000d41e
  2184 0001:0000d432  2205 0001:0000d446  2207 0001:0000d44a  2262 0001:0000d44c
  2218 0001:0000d453  2221 0001:0000d45a  2228 0001:0000d487  2230 0001:0000d48d
  2232 0001:0000d4b7  2234 0001:0000d4c3  2239 0001:0000d4ee  2241 0001:0000d506
  2245 0001:0000d512  2247 0001:0000d514  2249 0001:0000d53c  2253 0001:0000d544
  2260 0001:0000d571  2262 0001:0000d585  2263 0001:0000d58a  2266 0001:0000d612
  2270 0001:0000d617  2276 0001:0000d62c  2279 0001:0000d658  2285 0001:0000d66b
  2287 0001:0000d683  2288 0001:0000d685  2291 0001:0000d6f5  2301 0001:0000d710
  2303 0001:0000d73d  2305 0001:0000d740  2308 0001:0000d759  2310 0001:0000d76b
  2311 0001:0000d770  2315 0001:0000d81e  2325 0001:0000d823  2329 0001:0000d84a
  2331 0001:0000d87c  2339 0001:0000d882  2343 0001:0000d887  2345 0001:0000d88d
  2349 0001:0000d88f  2351 0001:0000d892  2355 0001:0000d897  2360 0001:0000d89a
  2363 0001:0000d89d  2365 0001:0000d8c7  2371 0001:0000d8d1  2377 0001:0000d8d5
  2381 0001:0000d8f6  2391 0001:0000d91b  2414 0001:0000d94d  2403 0001:0000d96a
  2414 0001:0000d990  2415 0001:0000d9d5  2419 0001:0000da54  2423 0001:0000da59
  2429 0001:0000da70  2432 0001:0000da99  2438 0001:0000dab6  2440 0001:0000dacd
  2441 0001:0000dad1  2445 0001:0000db5f  2451 0001:0000db62  2455 0001:0000db80
  2457 0001:0000dbac  2459 0001:0000dbb2  2461 0001:0000dbb8  2463 0001:0000dbba
  2466 0001:0000dbbd  2469 0001:0000dbd6  2471 0001:0000dbe8  2472 0001:0000dbed
  2476 0001:0000dcb7  2484 0001:0000dcbd  2486 0001:0000dcdf  2491 0001:0000dd0a
  2494 0001:0000dd0f  2497 0001:0000dd20  2499 0001:0000dd33  2505 0001:0000dd38
  2510 0001:0000dd3e  2535 0001:0000dd60  2537 0001:0000dd6d  2527 0001:0000dd6f
  2529 0001:0000dd80  2519 0001:0000dd82  2521 0001:0000dd85  2513 0001:0000dd87
  2540 0001:0000dd8d  2543 0001:0000dda8  2545 0001:0000ddbe  2546 0001:0000ddc1
  2549 0001:0000de41  2555 0001:0000de45  2559 0001:0000de5e  2561 0001:0000de87
  2563 0001:0000de8f  2577 0001:0000de9b  2579 0001:0000deb2  2580 0001:0000deb6
  2583 0001:0000df28  2587 0001:0000df2d  2591 0001:0000df42  2593 0001:0000df6b
  2599 0001:0000df70  2601 0001:0000df88  2602 0001:0000df8c  2606 0001:0000e015
  2614 0001:0000e019  2618 0001:0000e03a  2620 0001:0000e066  2622 0001:0000e071
  2624 0001:0000e077  2626 0001:0000e07d  2628 0001:0000e07f  2632 0001:0000e081
  2635 0001:0000e09c  2638 0001:0000e0b0  2639 0001:0000e0b4  2643 0001:0000e12a
  2649 0001:0000e12f  2655 0001:0000e149  2658 0001:0000e171  2661 0001:0000e185
  2662 0001:0000e189  2666 0001:0000e20d  2672 0001:0000e212  2678 0001:0000e22f
  2680 0001:0000e245  2683 0001:0000e24c  2692 0001:0000e25c  2694 0001:0000e25f
  2686 0001:0000e261  2697 0001:0000e26c  2700 0001:0000e28e  2702 0001:0000e2a0
  2703 0001:0000e2a5  2706 0001:0000e333  2712 0001:0000e338  2720 0001:0000e350
  2734 0001:0000e378  2736 0001:0000e38f  2737 0001:0000e393  2740 0001:0000e414
  2744 0001:0000e418  2748 0001:0000e42d  2754 0001:0000e445  2756 0001:0000e45d
  2757 0001:0000e460  2761 0001:0000e4f3  2769 0001:0000e4f7  2773 0001:0000e519
  2775 0001:0000e52a  2777 0001:0000e534  2779 0001:0000e53a  2781 0001:0000e53f
  2783 0001:0000e541  2787 0001:0000e544  2790 0001:0000e563  2793 0001:0000e575
  2794 0001:0000e579  2798 0001:0000e5fe  2804 0001:0000e603  2808 0001:0000e61d
  2811 0001:0000e644  2814 0001:0000e658  2815 0001:0000e65c  2818 0001:0000e6cb
  2822 0001:0000e6d0  2824 0001:0000e6e4  2826 0001:0000e70c  2828 0001:0000e712
  2830 0001:0000e718  2832 0001:0000e71a  2835 0001:0000e720  2838 0001:0000e73b
  2841 0001:0000e74f  2842 0001:0000e753  2846 0001:0000e7be  2852 0001:0000e7d8
  2861 0001:0000e7ff  2876 0001:0000e817  2878 0001:0000e81d  2870 0001:0000e81f
  2881 0001:0000e825  2884 0001:0000e83e  2887 0001:0000e850  2888 0001:0000e855
  2892 0001:0000e8d0  2896 0001:0000e8d6  2898 0001:0000e8ef  2896 0001:0000e8f5
  2903 0001:0000e8f7  2907 0001:0000e91d  2913 0001:0000e93e  2959 0001:0000e961
  2957 0001:0000e9a9  2959 0001:0000e9bd  2960 0001:0000e9c2  2963 0001:0000ea12
  2967 0001:0000ea28  2971 0001:0000ea4f  2973 0001:0000ea55  2976 0001:0000ea6e
  2978 0001:0000ea80  2979 0001:0000ea85  2982 0001:0000ead5  2986 0001:0000eaeb
  2990 0001:0000eb12  2992 0001:0000eb18  2995 0001:0000eb31  2997 0001:0000eb43
  2998 0001:0000eb48  3001 0001:0000ebc4  3009 0001:0000ebc7  3014 0001:0000ebe7
  3047 0001:0000ec03  3049 0001:0000ec06  3041 0001:0000ec08  3043 0001:0000ec0a
  3035 0001:0000ec0c  3037 0001:0000ec0e  3029 0001:0000ec10  3031 0001:0000ec12
  3023 0001:0000ec14  3025 0001:0000ec16  3017 0001:0000ec18  3056 0001:0000ec1f
  3058 0001:0000ec24  3064 0001:0000ec55  3066 0001:0000ec7a  3068 0001:0000ec85
  3071 0001:0000ec9e  3074 0001:0000ecb2  3075 0001:0000ecb7  3078 0001:0000ed21
  3082 0001:0000ed26  3084 0001:0000ed3c  3088 0001:0000ed4e  3090 0001:0000ed59
  3094 0001:0000ed80  3096 0001:0000ed8f  3098 0001:0000ed98  3104 0001:0000edab
  3106 0001:0000edc1  3107 0001:0000edc6  3110 0001:0000ee09  3123 0001:0000ee1f
  3128 0001:0000ee47  3130 0001:0000ee59  3131 0001:0000ee5e  3136 0001:0000eee0
  3140 0001:0000eee3  3142 0001:0000ef04  3145 0001:0000ef2f  3146 0001:0000ef36
  3149 0001:0000ef55  3150 0001:0000ef5d  3154 0001:0000ef7a  3156 0001:0000ef88
  3158 0001:0000efa8  3160 0001:0000efd0  3162 0001:0000eff8  3164 0001:0000f01a
  3166 0001:0000f03c  3168 0001:0000f05e  3170 0001:0000f080  3182 0001:0000f0a2
  3184 0001:0000f0ab  3235 0001:0000f0c9  3236 0001:0000f1a6

Line numbers for Release\kernelWDM.obj(..\_osi\kernel.cpp) segment .text

   105 0001:00008024   109 0001:00008030   111 0001:00008046   113 0001:0000804c
   115 0001:00008098   120 0001:000080a2   122 0001:000080b8   127 0001:000080bf
   129 0001:000080ca   131 0001:00008118   133 0001:0000811a   136 0001:00008166
   138 0001:00008175   140 0001:00008188   142 0001:0000818c   144 0001:00008190
   149 0001:00008194   151 0001:000081ad   153 0001:000081f9   158 0001:00008208
   160 0001:00008213   162 0001:0000821a   164 0001:00008225   166 0001:00008230
   168 0001:0000823e   173 0001:00008242   175 0001:00008258   177 0001:0000825d
   179 0001:00008269   181 0001:00008279   183 0001:00008296   185 0001:000082ab
   187 0001:000082d0   191 0001:000082f4   195 0001:00008348   197 0001:00008356
   106 0001:00008368   107 0001:00008369   112 0001:0000836a   114 0001:00008370
   203 0001:00008376   106 0001:00008398   107 0001:00008399   112 0001:0000839a
   114 0001:000083a0   205 0001:000083a6   207 0001:000083c8   106 0001:000083da
   107 0001:000083db   112 0001:000083dc   114 0001:000083e2   210 0001:000083e8
   212 0001:0000840a   214 0001:00008414   216 0001:0000842d   218 0001:00008443
   220 0001:00008459   222 0001:00008475   224 0001:0000847e   226 0001:0000848e
   228 0001:00008499   230 0001:000084a9   232 0001:000084ab   235 0001:000084bd
   237 0001:000084d2   239 0001:000084d6   241 0001:000084e2   244 0001:000084f9
   246 0001:00008520   248 0001:0000852a   250 0001:0000852f   254 0001:00008534
   256 0001:00008543   258 0001:00008549   260 0001:00008551   263 0001:00008557
   266 0001:0000856d   270 0001:0000857b   301 0001:00008587   303 0001:0000858a
   305 0001:0000858d   307 0001:0000858f   309 0001:00008592   311 0001:00008595
   315 0001:00008598   317 0001:0000859b   319 0001:0000859c   321 0001:0000859e
   323 0001:000085a0   325 0001:000085a1   327 0001:000085a3   329 0001:000085a4
   331 0001:000085a9   333 0001:000085ab   335 0001:000085b0   337 0001:000085b2
   339 0001:000085b5   341 0001:000085b8   343 0001:000085ba   347 0001:000085bc
   349 0001:000085c1   351 0001:000085c2   353 0001:000085c3   355 0001:000085c5
   359 0001:000085c7   361 0001:000085cc   363 0001:000085cd   365 0001:000085ce
   369 0001:000085d0   371 0001:000085d5   373 0001:000085ee   375 0001:00008604
   377 0001:00008620   379 0001:00008629   381 0001:00008639   383 0001:00008644
   385 0001:00008654   387 0001:00008656   390 0001:00008668   392 0001:0000868f
   394 0001:00008699   397 0001:0000869e   399 0001:000086a7   401 0001:000086b5
   403 0001:000086b9   405 0001:000086c5   408 0001:000086dc   410 0001:000086e5
   412 0001:000086ef   414 0001:00008705   418 0001:00008713   449 0001:0000871f
   451 0001:00008722   453 0001:00008725   455 0001:00008727   457 0001:0000872a
   459 0001:0000872d   463 0001:00008730   465 0001:00008733   467 0001:00008734
   469 0001:00008736   471 0001:00008738   473 0001:00008739   475 0001:0000873b
   477 0001:0000873c   479 0001:00008741   481 0001:00008743   483 0001:00008748
   485 0001:0000874a   487 0001:0000874d   489 0001:00008750   491 0001:00008752
   495 0001:00008754   497 0001:00008759   499 0001:0000875a   501 0001:0000875b
   503 0001:0000875d   507 0001:0000875f   509 0001:00008764   511 0001:00008765
   513 0001:00008766   517 0001:00008768   519 0001:0000876d   521 0001:00008786
   523 0001:0000879c   525 0001:000087b8   527 0001:000087c1   529 0001:000087d1
   531 0001:000087dc   533 0001:000087ec   535 0001:000087ee   538 0001:00008800
   540 0001:00008827   542 0001:00008831   545 0001:00008836   106 0001:0000883f
   107 0001:00008840   112 0001:00008841   114 0001:00008847   549 0001:0000884d
   551 0001:0000886f   556 0001:00008884   558 0001:000088a3   560 0001:000088b1
   562 0001:000088c6   564 0001:000088d2   568 0001:000088e6   572 0001:000088ea
   574 0001:000088f6   576 0001:0000890b   578 0001:0000891f   580 0001:00008929
   585 0001:0000892d   587 0001:00008979   593 0001:00008985   595 0001:0000898d
   601 0001:000089ca   605 0001:000089d5   607 0001:000089dd   612 0001:00008a1a
   614 0001:00008a24   617 0001:00008a28   619 0001:00008a30   624 0001:00008a43
   626 0001:00008a56   628 0001:00008a61   630 0001:00008a9e   632 0001:00008aa9
   637 0001:00008ae6   641 0001:00008af8   643 0001:00008b03   645 0001:00008b0d
   647 0001:00008b0f   650 0001:00008b19   652 0001:00008b30   654 0001:00008b49
   656 0001:00008b5e   658 0001:00008b65   660 0001:00008b6c   662 0001:00008b7b
   664 0001:00008bcd   669 0001:00008bdb   671 0001:00008bea   673 0001:00008bf4
   675 0001:00008c05   677 0001:00008c16   681 0001:00008c27   685 0001:00008c31
   690 0001:00008c38   692 0001:00008c4e   694 0001:00008c53   696 0001:00008c5a
   698 0001:00008c66   701 0001:00008c6d   703 0001:00008c74   705 0001:00008c83
   707 0001:00008c8d   709 0001:00008c98   712 0001:00008ca2   714 0001:00008cb3
   716 0001:00008cc1   718 0001:00008cde   722 0001:00008cee   724 0001:00008d16
   726 0001:00008d33   733 0001:00008d44   736 0001:00008d55   738 0001:00008d60
   741 0001:00008d6f   743 0001:00008d88   745 0001:00008d9b   747 0001:00008dc8
   751 0001:00008dfb   753 0001:00008e05   755 0001:00008e0c   758 0001:00008e0e
   760 0001:00008e1a   762 0001:00008e29   764 0001:00008e2e   766 0001:00008e33
   768 0001:00008e44   772 0001:00008e5b   778 0001:00008e78   780 0001:00008e8b
   782 0001:00008ea2   784 0001:00008ea4   786 0001:00008ebe   789 0001:00008ed0
   791 0001:00008edc   793 0001:00008eea   796 0001:00008ef6   798 0001:00008f1e
   800 0001:00008f3b   807 0001:00008f4c   810 0001:00008f5d   812 0001:00008f68
   815 0001:00008f77   817 0001:00008f90   821 0001:00008fbd   823 0001:00008fc9
   825 0001:00008fd8   827 0001:00008fdd   829 0001:00008ff5   831 0001:00009001
   834 0001:00009019   854 0001:00009027   856 0001:00009031   858 0001:00009041
   859 0001:0000904f   863 0001:00009051   865 0001:00009067   867 0001:00009079
   871 0001:00009095   875 0001:0000909c   877 0001:000090bc   879 0001:000090c6
   884 0001:000090cd   886 0001:0000911f   914 0001:0000912d   916 0001:00009137
   921 0001:0000913e   923 0001:0000914d   925 0001:00009159   929 0001:000091ab
   931 0001:000091b6   933 0001:000091c5   935 0001:000091c7   938 0001:000091d5
   943 0001:0000921b   946 0001:00009222   948 0001:0000922d   953 0001:00009241
   955 0001:00009250   957 0001:0000925c   959 0001:000092ae   961 0001:000092bd
   963 0001:00009303   965 0001:00009312   967 0001:00009358   969 0001:0000935a
   971 0001:0000936a   975 0001:000093b0   976 0001:000093be   979 0001:000093c3
   981 0001:000093d2   985 0001:000093e1   987 0001:000093f4   989 0001:00009443
   991 0001:00009452   993 0001:00009495   995 0001:000094a4   997 0001:000094e7
  1004 0001:000094fa  1006 0001:00009510  1007 0001:00009512  1010 0001:0000954a
  1018 0001:00009561  1022 0001:00009572  1026 0001:00009579  1029 0001:00009583
  1031 0001:0000958c  1036 0001:0000958f  1044 0001:00009596  1046 0001:0000959c
  1049 0001:0000959f  1052 0001:000095a2  1058 0001:000095a4  1064 0001:000095b0
  1065 0001:000095c5  1069 0001:000095ef  1077 0001:00009606  1086 0001:00009618
  1091 0001:0000961d  1095 0001:00009624  1102 0001:0000962e  1107 0001:0000964a
  1109 0001:00009659  1112 0001:0000965d  1141 0001:0000965f  1135 0001:000096a1
  1141 0001:000096ad  1142 0001:000096c2  1146 0001:000096f3  1154 0001:0000970a
  1156 0001:0000971b  1158 0001:00009721  1160 0001:00009726  1166 0001:0000972d
  1170 0001:00009734  1173 0001:0000973e  1183 0001:0000974a  1185 0001:00009753
  1192 0001:00009755  1197 0001:00009771  1199 0001:00009780  1204 0001:00009784
  1208 0001:00009788  1211 0001:00009792  1222 0001:00009794  1229 0001:000097af
  1230 0001:000097c4  1233 0001:000097f0  1241 0001:00009805  1245 0001:00009816
  1251 0001:00009821  1252 0001:00009834  1255 0001:00009838  1260 0001:00009863
  1262 0001:0000986a  1264 0001:00009873  1266 0001:0000987b  1269 0001:0000987e
  1273 0001:00009885  1276 0001:0000988f  1278 0001:00009898  1281 0001:0000989b
  1282 0001:000098a0  1285 0001:000098a4  1289 0001:000098a7  1291 0001:000098c0
  1292 0001:000098c3  1295 0001:000098c8  1299 0001:000098cb  1301 0001:000098e4
  1302 0001:000098e7  1305 0001:000098ec  1308 0001:00009906  1313 0001:0000990a
  1324 0001:0000991f  1341 0001:0000992a  1345 0001:00009935  1347 0001:0000994d
  1349 0001:00009951  1352 0001:00009958  1353 0001:0000995c  1356 0001:00009960
  1364 0001:0000996a  1367 0001:00009974  1374 0001:00009993  1391 0001:0000999b
  1395 0001:000099b3  1397 0001:000099c2  1404 0001:000099d2  1406 0001:000099d5
  1410 0001:000099da  1418 0001:000099f3  1421 0001:00009a0a  1444 0001:00009a1f
  1448 0001:00009a2e  1452 0001:00009a40  1462 0001:00009a4f  1463 0001:00009a56
  1465 0001:00009a5d  1466 0001:00009a64  1468 0001:00009a6b  1454 0001:00009a6d
  1455 0001:00009a76  1457 0001:00009a7f  1458 0001:00009a88  1481 0001:00009a91
  1485 0001:00009aa0  1489 0001:00009ab2  1499 0001:00009ac1  1500 0001:00009ac8
  1502 0001:00009acf  1503 0001:00009ad6  1505 0001:00009add  1491 0001:00009adf
  1494 0001:00009ae7  1495 0001:00009af8  1518 0001:00009b01  1522 0001:00009b10
  1526 0001:00009b22  1536 0001:00009b31  1537 0001:00009b38  1539 0001:00009b3f
  1540 0001:00009b46  1542 0001:00009b4d  1528 0001:00009b4f  1531 0001:00009b57
  1532 0001:00009b68  1555 0001:00009b71  1559 0001:00009b80  1563 0001:00009b92
  1573 0001:00009ba1  1574 0001:00009ba8  1576 0001:00009baf  1577 0001:00009bb6
  1579 0001:00009bbd  1565 0001:00009bbf  1566 0001:00009bc8  1568 0001:00009bd1
  1569 0001:00009bda  1592 0001:00009be3  1596 0001:00009bf2  1600 0001:00009c04
  1610 0001:00009c13  1611 0001:00009c1a  1613 0001:00009c21  1614 0001:00009c28
  1616 0001:00009c2f  1602 0001:00009c31  1605 0001:00009c39  1606 0001:00009c4a
  1629 0001:00009c53  1633 0001:00009c62  1637 0001:00009c74  1647 0001:00009c83
  1648 0001:00009c8a  1650 0001:00009c91  1651 0001:00009c98  1653 0001:00009c9f
  1639 0001:00009ca1  1642 0001:00009ca9  1643 0001:00009cba  1665 0001:00009cc6
  1671 0001:00009cca  1723 0001:00009ccd  1728 0001:00009cd7  1730 0001:00009cdd
  1732 0001:00009ce3  1734 0001:00009ce6  1736 0001:00009ce8  1738 0001:00009cfc
  1740 0001:00009d0f  1742 0001:00009d1a  1745 0001:00009d1e  1756 0001:00009d4e
  1762 0001:00009d6c  1767 0001:00009d91  1773 0001:00009daf  1779 0001:00009dcd
  1785 0001:00009deb  1791 0001:00009e13  1797 0001:00009e31  1802 0001:00009e54
  1808 0001:00009e72  1814 0001:00009e90  1815 0001:00009eb2

Line numbers for Release\dispatchWDM.obj(..\_osi\dispatch.cpp) segment .text

   113 0001:000056e2   115 0001:000056e9   121 0001:00005702   124 0001:0000570c
   135 0001:0000571e   150 0001:00005723   152 0001:0000572d   154 0001:00005737
   159 0001:0000573c   292 0001:000057a2   294 0001:000057b4   298 0001:000057ba
   308 0001:000057c9   310 0001:000057d2   314 0001:000057d9   315 0001:000057e2
   318 0001:000057e7   322 0001:000057ef   332 0001:000057fe   334 0001:00005807
   338 0001:0000580e   340 0001:00005813   346 0001:00005818   354 0001:0000581b
   356 0001:00005821   360 0001:00005825   370 0001:00005834   372 0001:0000583a
   376 0001:00005841   378 0001:00005846   390 0001:0000584b   398 0001:00005866
   402 0001:0000588d   404 0001:0000589f   406 0001:000058ad   408 0001:000058b1
   411 0001:000058b9   432 0001:000058d8   434 0001:000058e0   426 0001:000058e2
   428 0001:000058ea   420 0001:000058ec   422 0001:000058f4   414 0001:000058f6
   440 0001:000058fe   449 0001:00005912   451 0001:0000591a   443 0001:0000591c
   459 0001:00005924   466 0001:00005955   470 0001:0000595b   480 0001:0000596a
   482 0001:00005973   486 0001:0000597a   488 0001:0000597f   497 0001:00005984
   499 0001:00005994   501 0001:00005997   497 0001:000059ac   503 0001:000059b2
   506 0001:000059ba   585 0001:000059de   587 0001:000059e7   589 0001:000059ed
   591 0001:000059f2   594 0001:000059f8   572 0001:000059fd   574 0001:00005a06
   576 0001:00005a0c   578 0001:00005a0e   581 0001:00005a14   540 0001:00005a16
   544 0001:00005a1e   546 0001:00005a27   548 0001:00005a2d   550 0001:00005a2f
   553 0001:00005a35   557 0001:00005a37   559 0001:00005a40   561 0001:00005a46
   563 0001:00005a48   567 0001:00005a4e   509 0001:00005a50   513 0001:00005a58
   515 0001:00005a61   517 0001:00005a67   519 0001:00005a69   522 0001:00005a6f
   526 0001:00005a71   528 0001:00005a78   532 0001:00005a80   501 0001:00005a88
   600 0001:00005a9c   598 0001:00005ab1   602 0001:00005ab7   606 0001:00005ad0
   612 0001:00005ad7   621 0001:00005ae5   623 0001:00005af4   625 0001:00005af7
   631 0001:00005b05   634 0001:00005b17   644 0001:00005b20   647 0001:00005b35
   649 0001:00005b3a   245 0001:00005b3f   247 0001:00005b51   251 0001:00005b57
   261 0001:00005b66   263 0001:00005b6f   267 0001:00005b76   269 0001:00005b7b
   272 0001:00005b80   274 0001:00005b83   276 0001:00005b88   280 0001:00005b8f
   282 0001:00005b96   202 0001:00005b9b   204 0001:00005bad   208 0001:00005bb5
   218 0001:00005bc4   220 0001:00005bcd   224 0001:00005bd0   226 0001:00005bd5
   229 0001:00005bda   231 0001:00005bdd   233 0001:00005be3   237 0001:00005be6
   239 0001:00005bed   168 0001:00005bf2   170 0001:00005c04   172 0001:00005c0a
   180 0001:00005c12   182 0001:00005c17   185 0001:00005c1c   187 0001:00005c1f
   189 0001:00005c23   193 0001:00005c28   195 0001:00005c38   656 0001:00005c3d
   658 0001:00005c4f   662 0001:00005c55   672 0001:00005c64   674 0001:00005c6d
   678 0001:00005c74   679 0001:00005c79   682 0001:00005c7e   686 0001:00005c84
   696 0001:00005c93   698 0001:00005c9c   702 0001:00005ca3   704 0001:00005ca8
   710 0001:00005cad   718 0001:00005cb0   720 0001:00005cbd   735 0001:00005cc0
   745 0001:00005cf2   750 0001:00005d11   754 0001:00005d26   764 0001:00005d35
   766 0001:00005d3e   770 0001:00005d45   772 0001:00005d4a   783 0001:00005d4f
   792 0001:00005d54   794 0001:00005d7a   796 0001:00005d83   798 0001:00005d87
   800 0001:00005d92   810 0001:00005d99   812 0001:00005da2   816 0001:00005da9
   818 0001:00005dae   823 0001:00005db3   833 0001:00005db6   835 0001:00005dcc
   837 0001:00005dd0   839 0001:00005dd4   841 0001:00005de1   843 0001:00005de7
   848 0001:00005dea   858 0001:00005df9   860 0001:00005e02   864 0001:00005e09
   866 0001:00005e0e   871 0001:00005e13   873 0001:00005e1e   875 0001:00005e2c
   879 0001:00005e32   881 0001:00005e3d   883 0001:00005e3f   887 0001:00005e48
   902 0001:00005e4b   905 0001:00005e8c   907 0001:00005e91   159 0001:00005e96
  1066 0001:00005eb7  1068 0001:00005ec9  1072 0001:00005ed2  1082 0001:00005ee1
  1084 0001:00005eea  1088 0001:00005ef1  1090 0001:00005ef6  1097 0001:00005efb
  1106 0001:00005efe  1108 0001:00005f13  1116 0001:00005f2e  1128 0001:00005f6f
  1131 0001:00005f9f  1133 0001:00005fa4   967 0001:00005fa9   969 0001:00005fbb
   973 0001:00005fc1   983 0001:00005fd0   985 0001:00005fd9   989 0001:00005fe0
   990 0001:00005fe5   993 0001:00005fea   997 0001:00005ff2  1007 0001:00006001
  1009 0001:0000600a  1013 0001:0000600d  1015 0001:00006012  1018 0001:00006017
  1026 0001:0000601a  1029 0001:00006028  1033 0001:0000602f  1035 0001:00006035
  1040 0001:00006037  1054 0001:00006044  1056 0001:00006055   913 0001:0000605a
   915 0001:0000606c   919 0001:00006072   929 0001:00006081   931 0001:0000608a
   935 0001:00006091   936 0001:00006096   939 0001:0000609b   944 0001:000060a2
   949 0001:000060ab   954 0001:000060b2   958 0001:000060c1   960 0001:000060c6
  1139 0001:000060cb  1141 0001:000060dd  1145 0001:000060e3  1155 0001:000060f2
  1157 0001:000060fb  1161 0001:00006102  1163 0001:00006107  1173 0001:0000610c
  1178 0001:00006112  1180 0001:00006129  1184 0001:0000612f  1194 0001:0000613e
  1196 0001:00006147  1200 0001:0000614e  1202 0001:00006153  1213 0001:00006158
  1216 0001:00006171  1222 0001:0000617c  1224 0001:0000618d   159 0001:00006192
  1762 0001:000061d1  1764 0001:000061e3  1768 0001:000061e9  1778 0001:000061f8
  1780 0001:00006201  1784 0001:00006208  1786 0001:0000620d  1792 0001:00006212
  1800 0001:00006215  1802 0001:0000621f  1806 0001:00006225  1819 0001:00006230
  1827 0001:00006263  1830 0001:0000627d  1835 0001:00006286  1839 0001:000062a2
  1849 0001:000062b1  1851 0001:000062ba  1855 0001:000062c1  1857 0001:000062c6
  1868 0001:000062cb  1877 0001:000062d0  1879 0001:000062f6  1881 0001:000062ff
  1883 0001:00006303  1885 0001:0000630e  1895 0001:00006315  1897 0001:0000631e
  1901 0001:00006325  1903 0001:0000632a  1908 0001:0000632f  1918 0001:00006332
  1920 0001:00006348  1924 0001:0000634c  1926 0001:0000635d  1928 0001:00006363
  1933 0001:00006366  1943 0001:00006375  1945 0001:0000637e  1949 0001:00006385
  1951 0001:0000638a  1954 0001:0000638f  1958 0001:00006393  1960 0001:00006398
  1962 0001:000063a0  1964 0001:000063a2  1966 0001:000063a8  1970 0001:000063ae
  1974 0001:000063b3  1978 0001:000063be  1980 0001:000063c6  1982 0001:000063d0
  1992 0001:000063dd  2001 0001:000063ee  2003 0001:000063f0  2008 0001:000063f2
  2010 0001:00006401  2013 0001:00006406  2015 0001:0000640a  2019 0001:00006410
  2023 0001:00006416  2025 0001:00006421  2027 0001:00006423  2029 0001:0000642a
  2038 0001:0000642e  2042 0001:00006446  2048 0001:0000644f  2050 0001:00006467
  2060 0001:00006470  2064 0001:0000647c  2069 0001:00006486  2074 0001:000064a2
  2076 0001:000064b1  2081 0001:000064b5  2085 0001:000064b9  2089 0001:000064ce
  2091 0001:000064d3  1387 0001:000064d8  1389 0001:000064ea  1393 0001:000064f0
  1403 0001:000064ff  1405 0001:00006508  1409 0001:0000650f  1411 0001:00006514
  1417 0001:00006519  1425 0001:0000651c  1431 0001:00006525  1440 0001:0000652d
  1448 0001:0000655d  1451 0001:0000657a  1456 0001:00006583  1460 0001:0000659f
  1470 0001:000065ae  1472 0001:000065b7  1476 0001:000065be  1478 0001:000065c3
  1489 0001:000065c8  1498 0001:000065cd  1500 0001:000065f3  1502 0001:000065fc
  1504 0001:00006600  1506 0001:0000660b  1516 0001:00006612  1518 0001:0000661b
  1522 0001:00006622  1524 0001:00006627  1529 0001:0000662c  1539 0001:0000662f
  1541 0001:00006645  1545 0001:00006649  1547 0001:0000665a  1549 0001:00006660
  1554 0001:00006663  1564 0001:00006672  1566 0001:0000667b  1570 0001:00006682
  1572 0001:00006687  1577 0001:0000668c  1579 0001:00006691  1581 0001:00006699
  1583 0001:0000669b  1585 0001:000066a1  1589 0001:000066a3  1595 0001:000066a9
  1597 0001:000066ae  1601 0001:000066b2  1603 0001:000066b8  1607 0001:000066cf
  1609 0001:000066de  1613 0001:000066e7  1627 0001:000066f1  1632 0001:0000670c
  1634 0001:00006713  1638 0001:00006717  1640 0001:00006724  1651 0001:00006729
  1653 0001:00006731  1655 0001:0000674d  1658 0001:00006753  1666 0001:0000675b
  1668 0001:00006779  1658 0001:00006784  1677 0001:00006788  1709 0001:00006796
  1711 0001:0000679d  1681 0001:000067a3  1683 0001:000067b1  1691 0001:000067b3
  1695 0001:000067cf  1702 0001:000067d8  1718 0001:000067e3  1720 0001:000067fb
  4556 0001:00006804  1754 0001:0000684c  1756 0001:00006851  1285 0001:00006856
  1287 0001:00006868  1291 0001:0000686e  1301 0001:0000687d  1303 0001:00006886
  1307 0001:0000688d  1309 0001:00006892  1315 0001:00006897  1319 0001:0000689a
  1321 0001:0000689d  1323 0001:000068a0  1332 0001:000068ac  1334 0001:000068c1
  1338 0001:000068ca  1342 0001:000068db  1352 0001:000068ea  1354 0001:000068f3
  1358 0001:000068fa  1360 0001:000068ff  1364 0001:00006904  1366 0001:00006908
  1374 0001:0000690d  1379 0001:00006922  1381 0001:00006927  1230 0001:0000692c
  1232 0001:0000693e  1236 0001:00006944  1246 0001:00006953  1248 0001:0000695c
  1252 0001:00006963  1254 0001:00006968  1264 0001:0000696d  1269 0001:00006973
  1274 0001:00006983  1277 0001:00006994  1279 0001:00006999  2097 0001:0000699e
  2099 0001:000069b0  2103 0001:000069b9  2113 0001:000069c8  2115 0001:000069d1
  2119 0001:000069d8  2121 0001:000069dd  2128 0001:000069e2  2137 0001:000069e5
  2139 0001:000069fa  2146 0001:00006a0b  2157 0001:00006a3f  2160 0001:00006a68
  2162 0001:00006a6d   159 0001:00006a72  2335 0001:00006a93  2337 0001:00006aa5
  2341 0001:00006aab  2351 0001:00006aba  2353 0001:00006ac3  2357 0001:00006aca
  2359 0001:00006acf  2369 0001:00006ad4  2374 0001:00006ada  2376 0001:00006af1
  2380 0001:00006af7  2390 0001:00006b06  2392 0001:00006b0f  2396 0001:00006b16
  2398 0001:00006b1b  2408 0001:00006b20  2411 0001:00006b35  2417 0001:00006b40
  2419 0001:00006b51  2275 0001:00006b56  2277 0001:00006b68  2281 0001:00006b6e
  2291 0001:00006b7d  2293 0001:00006b86  2297 0001:00006b8d  2299 0001:00006b92
  2309 0001:00006b97  2314 0001:00006b9d  2316 0001:00006bad  2322 0001:00006bbd
  2324 0001:00006bce  2327 0001:00006bd4  2329 0001:00006bd9  2168 0001:00006bde
  2170 0001:00006bf0  2174 0001:00006bf6  2184 0001:00006c05  2186 0001:00006c0e
  2190 0001:00006c15  2192 0001:00006c1a  2202 0001:00006c1f  2207 0001:00006c25
  2209 0001:00006c39  2211 0001:00006c49  2224 0001:00006c51  2228 0001:00006c5a
  2236 0001:00006c67  2238 0001:00006c82  2245 0001:00006c89  2250 0001:00006c92
  2253 0001:00006c95  2261 0001:00006c97  2263 0001:00006ca8  2267 0001:00006cae
  2269 0001:00006cb3  2429 0001:00006cb8  2431 0001:00006cca  2435 0001:00006cd0
  2445 0001:00006cdf  2447 0001:00006ce8  2451 0001:00006cef  2453 0001:00006cf4
  2459 0001:00006cf9  2463 0001:00006cfc  2465 0001:00006cff  2467 0001:00006d02
  2476 0001:00006d09  2481 0001:00006d27  2505 0001:00006d4a  2511 0001:00006d4e
  2513 0001:00006d60  2518 0001:00006d62  2522 0001:00006d70  2524 0001:00006d75
  2485 0001:00006d7a  2495 0001:00006d89  2497 0001:00006d92  2501 0001:00006d99
  2502 0001:00006d9e   159 0001:00006da3  2881 0001:00006df3  2883 0001:00006e05
  2887 0001:00006e0b  2897 0001:00006e1a  2899 0001:00006e23  2903 0001:00006e2a
  2905 0001:00006e2f  2911 0001:00006e34  2915 0001:00006e37  2917 0001:00006e3a
  2924 0001:00006e41  2926 0001:00006e58  2930 0001:00006e60  2940 0001:00006e6f
  2942 0001:00006e78  2946 0001:00006e7f  2948 0001:00006e84  2956 0001:00006e89
  2958 0001:00006e9d  2963 0001:00006e9f  2967 0001:00006ea8  2969 0001:00006ead
  2782 0001:00006eb2  2784 0001:00006ec4  2788 0001:00006eca  2798 0001:00006ed9
  2800 0001:00006ee2  2804 0001:00006ee9  2806 0001:00006eee  2812 0001:00006ef3
  2816 0001:00006ef6  2818 0001:00006ef9  2820 0001:00006efc  2829 0001:00006f03
  2831 0001:00006f1c  2835 0001:00006f24  2845 0001:00006f33  2847 0001:00006f3c
  2851 0001:00006f43  2852 0001:00006f48  2861 0001:00006f4d  2863 0001:00006f65
  2869 0001:00006f67  2873 0001:00006f70  2875 0001:00006f75  2659 0001:00006f7a
  2661 0001:00006f8c  2665 0001:00006f92  2675 0001:00006fa1  2677 0001:00006faa
  2681 0001:00006fb1  2683 0001:00006fb6  2693 0001:00006fbb  2698 0001:00006fc1
  2700 0001:00006fd8  2704 0001:00006fde  2714 0001:00006fed  2716 0001:00006ff6
  2720 0001:00006ffd  2722 0001:00007002  2725 0001:00007007  2729 0001:00007013
  2739 0001:00007022  2741 0001:0000702b  2745 0001:00007032  2746 0001:00007037
  2751 0001:0000703c  2756 0001:00007040  2758 0001:00007051  2763 0001:00007053
  2766 0001:0000705c  2768 0001:0000705f  2770 0001:00007063  2774 0001:00007067
  2776 0001:0000707a  2530 0001:0000707f  2532 0001:00007091  2536 0001:00007097
  2546 0001:000070a6  2548 0001:000070af  2552 0001:000070b6  2554 0001:000070bb
  2560 0001:000070c0  2564 0001:000070c3  2566 0001:000070c6  2573 0001:000070c9
  2575 0001:000070e5  2579 0001:000070eb  2589 0001:000070fa  2591 0001:00007103
  2595 0001:0000710a  2597 0001:0000710f  2600 0001:00007114  2604 0001:00007120
  2614 0001:0000712f  2616 0001:00007138  2620 0001:0000713f  2621 0001:00007144
  2626 0001:00007149  2632 0001:0000714d  2634 0001:00007162  2640 0001:00007164
  2643 0001:0000716d  2645 0001:00007170  2651 0001:00007176  2653 0001:00007187
  2980 0001:0000718c  2982 0001:0000719e  2986 0001:000071a4  2996 0001:000071b3
  2998 0001:000071bc  3002 0001:000071c3  3003 0001:000071c8  3006 0001:000071cd
  3010 0001:000071d3  3020 0001:000071e2  3022 0001:000071eb  3026 0001:000071f2
  3028 0001:000071f7  3034 0001:000071fc  3038 0001:000071ff  3040 0001:00007202
  3042 0001:00007205  3051 0001:00007211  3058 0001:00007229  3061 0001:0000723b
  3063 0001:00007240   159 0001:00007245  3252 0001:00007266  3254 0001:00007278
  3258 0001:0000727e  3268 0001:0000728d  3270 0001:00007296  3274 0001:0000729d
  3275 0001:000072a2  3278 0001:000072a7  3282 0001:000072ad  3292 0001:000072bc
  3294 0001:000072c5  3298 0001:000072cc  3300 0001:000072d1  3310 0001:000072d6
  3315 0001:000072dc  3317 0001:000072ef  3326 0001:000072f3  3328 0001:00007313
  3332 0001:0000731c  3342 0001:0000732b  3344 0001:00007334  3348 0001:0000733b
  3350 0001:00007340  3355 0001:00007345  3359 0001:0000734c  3362 0001:00007355
  3364 0001:0000735a  3185 0001:0000735f  3187 0001:00007371  3191 0001:00007377
  3201 0001:00007386  3203 0001:0000738f  3207 0001:00007396  3208 0001:0000739b
  3211 0001:000073a0  3215 0001:000073a6  3225 0001:000073b5  3227 0001:000073be
  3231 0001:000073c5  3233 0001:000073ca  3237 0001:000073cf  3240 0001:000073d8
  3242 0001:000073dd  3069 0001:000073e2  3071 0001:000073f4  3075 0001:000073fa
  3085 0001:00007409  3087 0001:00007412  3091 0001:00007419  3092 0001:0000741e
  3095 0001:00007423  3099 0001:00007429  3109 0001:00007438  3111 0001:00007441
  3115 0001:00007448  3117 0001:0000744d  3127 0001:00007452  3132 0001:00007458
  3135 0001:0000746f  3139 0001:00007475  3149 0001:00007484  3151 0001:0000748d
  3155 0001:00007494  3157 0001:00007499  3160 0001:0000749e  3169 0001:000074a1
  3173 0001:000074b7  3177 0001:000074c1  3179 0001:000074d1  3370 0001:000074d6
  3372 0001:000074e8  3376 0001:000074ee  3386 0001:000074fd  3388 0001:00007506
  3392 0001:0000750d  3393 0001:00007512  3396 0001:00007517  3400 0001:0000751d
  3410 0001:0000752c  3412 0001:00007535  3416 0001:0000753c  3418 0001:00007541
  3422 0001:00007546  3424 0001:0000754f  3426 0001:0000755f  3428 0001:00007565
  3432 0001:00007568  3434 0001:0000756d   159 0001:00007572  4528 0001:000075bb
  4538 0001:000075ca  4540 0001:000075d3  4545 0001:000075da  4547 0001:000075e6
  4342 0001:000075eb  4344 0001:000075fd  4348 0001:00007603  4358 0001:00007612
  4360 0001:0000761b  4364 0001:00007622  4365 0001:00007627  4368 0001:0000762c
  4372 0001:00007632  4382 0001:00007641  4384 0001:0000764a  4388 0001:00007651
  4391 0001:00007656  4397 0001:00007658  4401 0001:0000765b  4403 0001:0000765e
  4405 0001:00007661  4414 0001:00007668  4416 0001:00007685  4420 0001:0000768b
  4430 0001:0000769a  4432 0001:000076a3  4436 0001:000076aa  4438 0001:000076bc
  4441 0001:000076c1  4448 0001:000076c4  4469 0001:000076e5  4471 0001:000076e7
  4463 0001:000076e9  4465 0001:000076eb  4457 0001:000076ed  4474 0001:000076f3
  4478 0001:000076fb  4480 0001:000076fd  4488 0001:00007702  4490 0001:00007714
  4494 0001:00007718  4502 0001:00007727  4504 0001:00007731  4508 0001:00007738
  4510 0001:0000773e  4513 0001:00007743  4515 0001:00007748  4519 0001:0000774d
  4521 0001:0000775e  4076 0001:00007763  4078 0001:00007775  4082 0001:0000777b
  4092 0001:0000778a  4094 0001:00007793  4098 0001:0000779a  4099 0001:0000779f
  4102 0001:000077a4  4106 0001:000077aa  4116 0001:000077b9  4118 0001:000077c2
  4122 0001:000077c9  4125 0001:000077ce  4131 0001:000077d3  4139 0001:000077d6
  4148 0001:000077df  4150 0001:000077fc  4178 0001:00007814  4187 0001:00007827
  4189 0001:00007843  4199 0001:00007845  4201 0001:00007866  4211 0001:0000786b
  4213 0001:00007886  4223 0001:0000788b  4225 0001:000078a6  4235 0001:000078ab
  4237 0001:000078c0  4247 0001:000078c2  4249 0001:000078dd  4259 0001:000078e2
  4261 0001:000078fe  4271 0001:00007900  4273 0001:00007921  4283 0001:00007923
  4285 0001:00007938  4295 0001:0000793a  4297 0001:00007955  4307 0001:00007957
  4309 0001:00007973  4319 0001:00007975  4324 0001:00007998  4328 0001:0000799f
  4332 0001:000079ad  4334 0001:000079b2  4154 0001:000079b7  4164 0001:000079c6
  4166 0001:000079cf  4170 0001:000079d6  4172 0001:000079db  3849 0001:000079e0
  3851 0001:000079f2  3855 0001:000079f8  3865 0001:00007a07  3867 0001:00007a10
  3871 0001:00007a17  3872 0001:00007a1c  3875 0001:00007a21  3879 0001:00007a27
  3889 0001:00007a36  3891 0001:00007a3f  3895 0001:00007a46  3898 0001:00007a4b
  3904 0001:00007a50  3908 0001:00007a53  3910 0001:00007a56  3917 0001:00007a59
  3919 0001:00007a75  3923 0001:00007a7b  3933 0001:00007a8a  3935 0001:00007a93
  3939 0001:00007a9a  3941 0001:00007a9f  3944 0001:00007aa4  3969 0001:00007aba
  3971 0001:00007abd  3973 0001:00007ac0  3978 0001:00007ac7  3981 0001:00007ada
  3983 0001:00007ae1  3987 0001:00007ae3  3989 0001:00007aea  3993 0001:00007aec
  3995 0001:00007af3  3999 0001:00007af5  4001 0001:00007afc  4005 0001:00007afe
  4007 0001:00007b05  4011 0001:00007b07  4013 0001:00007b0e  4017 0001:00007b10
  4019 0001:00007b17  4023 0001:00007b19  4025 0001:00007b20  4029 0001:00007b22
  4031 0001:00007b29  4035 0001:00007b2b  4037 0001:00007b32  4041 0001:00007b34
  4043 0001:00007b3b  4047 0001:00007b3d  4052 0001:00007b44  4058 0001:00007b46
  4060 0001:00007b55  4067 0001:00007b5c  4069 0001:00007b6d  3948 0001:00007b72
  3958 0001:00007b81  3960 0001:00007b8a  3964 0001:00007b91  3966 0001:00007b96
  3697 0001:00007b9b  3699 0001:00007bad  3703 0001:00007bb3  3713 0001:00007bc2
  3715 0001:00007bcb  3719 0001:00007bd2  3720 0001:00007bd7  3723 0001:00007bdc
  3727 0001:00007be4  3737 0001:00007bf3  3739 0001:00007bfc  3743 0001:00007c03
  3745 0001:00007c08  3751 0001:00007c0d  3759 0001:00007c10  3761 0001:00007c16
  3765 0001:00007c1a  3775 0001:00007c29  3777 0001:00007c2f  3781 0001:00007c36
  3783 0001:00007c3b  3788 0001:00007c40  3790 0001:00007c50  3795 0001:00007c5a
  3802 0001:00007c83  3806 0001:00007c8c  3816 0001:00007c9b  3818 0001:00007ca4
  3822 0001:00007cab  3824 0001:00007cb0  3833 0001:00007cb5  3836 0001:00007cc5
  3838 0001:00007cca  3617 0001:00007ccf  3619 0001:00007ce1  3623 0001:00007ce7
  3633 0001:00007cf6  3635 0001:00007cff  3639 0001:00007d06  3640 0001:00007d0b
  3643 0001:00007d10  3647 0001:00007d16  3657 0001:00007d25  3659 0001:00007d2e
  3663 0001:00007d35  3666 0001:00007d3a  3676 0001:00007d3f  3681 0001:00007d45
  3685 0001:00007d58  3688 0001:00007d62  3690 0001:00007d67  3537 0001:00007d6c
  3539 0001:00007d7e  3543 0001:00007d84  3553 0001:00007d93  3555 0001:00007d9c
  3559 0001:00007da3  3560 0001:00007da8  3563 0001:00007dad  3567 0001:00007db3
  3577 0001:00007dc2  3579 0001:00007dcb  3583 0001:00007dd2  3586 0001:00007dd7
  3596 0001:00007ddc  3601 0001:00007de2  3605 0001:00007df5  3608 0001:00007dff
  3610 0001:00007e04  3440 0001:00007e09  3442 0001:00007e1b  3446 0001:00007e21
  3456 0001:00007e30  3458 0001:00007e39  3462 0001:00007e40  3463 0001:00007e45
  3466 0001:00007e4a  3470 0001:00007e50  3480 0001:00007e5f  3482 0001:00007e68
  3486 0001:00007e6f  3488 0001:00007e74  3491 0001:00007e79  3495 0001:00007e81
  3505 0001:00007e90  3507 0001:00007e99  3511 0001:00007e9c  3513 0001:00007ea1
  3516 0001:00007ea6  3518 0001:00007ea9  3524 0001:00007eb1  4551 0001:00007ecf
  4554 0001:00007ed9  4556 0001:00007eec  4557 0001:00007ef7

Line numbers for Release\Wdm.obj(Wdm.cpp) segment .text

   170 0001:00000259   172 0001:00000262   174 0001:0000026e   176 0001:00000285
   185 0001:00000298   187 0001:0000029b   197 0001:000002af   199 0001:000002cb
   203 0001:000002da   205 0001:000002e3   209 0001:000002ef   218 0001:000002f6
   227 0001:0000031d   230 0001:00000343   233 0001:00000350   237 0001:00000366
   238 0001:00000373   239 0001:0000037a   240 0001:00000381   241 0001:00000388
   242 0001:00000392   243 0001:0000039c   244 0001:000003a6   247 0001:000003af
   248 0001:000003b2   282 0001:00000402   294 0001:00000423   296 0001:0000042f
   299 0001:00000434   301 0001:00000438   304 0001:00000443   306 0001:00000456
   307 0001:0000045b   341 0001:000004a5   351 0001:000004c3   355 0001:000004cb
   358 0001:000004db   360 0001:000004ef   361 0001:000004f3   394 0001:00000541
   400 0001:0000055a   402 0001:0000056c   404 0001:00000572   405 0001:00000579
   447 0001:00000ae3   453 0001:00000aef   457 0001:00000b0b   459 0001:00000b1c
   507 0001:00000b20   509 0001:00000b4a   511 0001:00000b51   513 0001:00000b5c
   515 0001:00000b63   521 0001:00000b6e   524 0001:00000b75   527 0001:00000b88
   529 0001:00000b93   540 0001:00000b98   542 0001:00000ba3   546 0001:00000bba
   549 0001:00000bbe   552 0001:00000bd1   554 0001:00000bda   559 0001:00000bdf
   563 0001:00000bef   566 0001:00000bf3   569 0001:00000c06   571 0001:00000c0c
   582 0001:00000c0e   585 0001:00000c2f   588 0001:00000c33   591 0001:00000c46
   593 0001:00000c4c   598 0001:00000c4e   602 0001:00000c51   606 0001:00000c6e
   610 0001:00000c73   623 0001:00000c76   633 0001:00000c87   639 0001:00000c9d
   645 0001:00000ca0   653 0001:00000cc3   655 0001:00000ce6   668 0001:00000cee
   671 0001:00000d00   674 0001:00000d04   677 0001:00000d18   679 0001:00000d2b
   681 0001:00000d34   693 0001:00000d39   707 0001:00000d59   715 0001:00000d7a
   719 0001:00000d9b   721 0001:00000da6   723 0001:00000db0   725 0001:00000db4
   727 0001:00000db6   730 0001:00000dba   733 0001:00000dbe   749 0001:00000dd4
   751 0001:00000dda   758 0001:00000de4   760 0001:00000de6   762 0001:00000ded
   737 0001:00000df6   739 0001:00000e09   741 0001:00000e10   769 0001:00000e12
   771 0001:00000e1c   773 0001:00000e23   775 0001:00000e25   778 0001:00000e2c
   780 0001:00000e3a   782 0001:00000e44   784 0001:00000e4c   786 0001:00000e56
   788 0001:00000e5e   797 0001:00000e68   800 0001:00000e75   814 0001:00000e7f
   816 0001:00000ea2   826 0001:00000eaa   828 0001:00000eac   830 0001:00000eca
   833 0001:00000ed9   839 0001:00000eeb   841 0001:00000ef1   846 0001:00000ef7
   849 0001:00000efe   858 0001:00000f02   859 0001:00000f09   860 0001:00000f1b
   868 0001:00000f1f   870 0001:00000f2f   872 0001:00000f33   878 0001:00000f3c
   881 0001:00000f3d   883 0001:00000f52   886 0001:00000f57   892 0001:00000f69
   894 0001:00000f6f   899 0001:00000f75   902 0001:00000f7c   911 0001:00000f80
   912 0001:00000f87   913 0001:00000f99   921 0001:00000f9d   923 0001:00000fad
   925 0001:00000fb1   931 0001:00000fb7   935 0001:00000fbd   938 0001:00000fd0
   940 0001:00000fd9   946 0001:00000feb   948 0001:00000ffe   952 0001:00001007
   954 0001:00001020   956 0001:0000102e   960 0001:00001041   964 0001:00001047
   973 0001:0000105a   975 0001:0000105f   977 0001:00001068   979 0001:0000107d
   981 0001:00001084   983 0001:00001093   985 0001:0000109a   991 0001:000010a9
   993 0001:000010b0   996 0001:000010b7   999 0001:000010cb  1001 0001:000010d3
  1006 0001:000010d5  1010 0001:000010e3  1012 0001:000010ea  1015 0001:000010f1
  1018 0001:00001105  1020 0001:00001117  1025 0001:00001122  1029 0001:00001132
  1031 0001:00001136  1034 0001:0000113f  1037 0001:00001153  1039 0001:00001166
  1042 0001:0000116b  1044 0001:0000116e  1046 0001:00001178  1049 0001:0000117b
  1051 0001:00001193   464 0001:00001197   467 0001:000011a5   474 0001:000011b9
   476 0001:000011bc   483 0001:000011c7   491 0001:000011db   494 0001:000011f1
   496 0001:00001205  1052 0001:0000120a  1057 0001:00001262  1062 0001:0000127f
  1065 0001:00001285  1067 0001:00001287  1069 0001:00001299  1078 0001:0000129e
  1080 0001:000012bf  1082 0001:000012c6  1085 0001:000012cd  1088 0001:000012d8
  1091 0001:000012e0  1094 0001:000012e5  1097 0001:000012ed  1100 0001:000012f2
  1103 0001:000012fa  1106 0001:000012ff  1109 0001:00001307  1112 0001:0000130c
  1117 0001:00001314  1118 0001:0000132b  1123 0001:0000186f  1125 0001:0000187a
  1128 0001:00001893  1131 0001:00001896  1134 0001:000018a2  1136 0001:000018bc
  1138 0001:000018c6  1140 0001:000018ca  1143 0001:000018cf  1146 0001:000018dc
  1148 0001:000018ef  1155 0001:000018f4  1878 0001:0000190d  1880 0001:00001914
  1882 0001:0000191f  1884 0001:00001928  1800 0001:0000192d  1808 0001:00001935
  1812 0001:00001937  1814 0001:0000193f  1816 0001:00001946  1818 0001:00001951
  1820 0001:00001957  1834 0001:00001960  1836 0001:0000196b  1850 0001:00001980
  1852 0001:000019a5  1854 0001:000019ac  1856 0001:000019b7  1858 0001:000019be
  1864 0001:000019cc  1868 0001:000019da  1872 0001:000019e4  1874 0001:000019ed
  1162 0001:000019f2  1164 0001:000019fe  1171 0001:00001a0b  1173 0001:00001a12
  1175 0001:00001a37  1181 0001:00001a41  1183 0001:00001a51  1186 0001:00001a57
  1189 0001:00001a5e  1191 0001:00001a73  1193 0001:00001a79  1196 0001:00001a83
  1198 0001:00001a8b  1201 0001:00001a90  1203 0001:00001a93  1206 0001:00001a9d
  1208 0001:00001ab2  1210 0001:00001ab8  1212 0001:00001abc  1214 0001:00001ac1
  1217 0001:00001ace  1219 0001:00001ad4  1223 0001:00001ad9  1244 0001:00001add
  1223 0001:00001af2  1249 0001:00001afa  1270 0001:00001b07  1272 0001:00001b0e
  1264 0001:00001b10  1266 0001:00001b17  1258 0001:00001b19  1260 0001:00001b20
  1252 0001:00001b22  1278 0001:00001b29  1516 0001:00001b3b  1518 0001:00001b51
  1441 0001:00001b56  1446 0001:00001b6d  1451 0001:00001b7d  1476 0001:00001b88
  1480 0001:00001b9d  1482 0001:00001ba0  1484 0001:00001ba7  1487 0001:00001bb0
  1492 0001:00001bb5  1496 0001:00001bb8  1498 0001:00001bc3  1506 0001:00001bd2
  1508 0001:00001c00  1286 0001:00001c05  1295 0001:00001c22  1300 0001:00001c32
  1325 0001:00001c3a  1329 0001:00001c4f  1413 0001:00001c63  1415 0001:00001c65
  1426 0001:00001c6c  1428 0001:00001c72  1388 0001:00001c74  1390 0001:00001c76
  1401 0001:00001c7d  1403 0001:00001c83  1363 0001:00001c85  1365 0001:00001c87
  1376 0001:00001c8e  1378 0001:00001c94  1338 0001:00001c96  1340 0001:00001c98
  1351 0001:00001c9f  1431 0001:00001ca5  1244 0001:00001ca8  1523 0001:00001cc1
  1531 0001:00001cc7  1537 0001:00001cca  1539 0001:00001cd4  1541 0001:00001cde
  1548 0001:00001ce8  1550 0001:00001cf8  1560 0001:00001cfa  1680 0001:00001d32
  1683 0001:00001d4b  1685 0001:00001d56  1687 0001:00001d5c  1689 0001:00001d60
  1691 0001:00001d65  1697 0001:00001d72  1701 0001:00001d87  1705 0001:00001d9e
  1707 0001:00001db1  1453 0001:00001db8  1455 0001:00001dbe  1457 0001:00001dc1
  1459 0001:00001dc6  1462 0001:00001dd5  1466 0001:00001de9  1469 0001:00001def
  1302 0001:00001df1  1304 0001:00001df7  1306 0001:00001dfa  1308 0001:00001dff
  1312 0001:00001e0e  1316 0001:00001e22  1318 0001:00001e35  1710 0001:00001e3a
  1713 0001:00001e40  1715 0001:00001e47  1721 0001:00001e4d  1723 0001:00001e63
  1726 0001:00001e67  1728 0001:00001e6e  1730 0001:00001e78  1732 0001:00001e80
  1734 0001:00001e8a  1736 0001:00001e8c  1745 0001:00001e93  1758 0001:00001eb0
  1762 0001:00001ed5  1764 0001:00001eda  1766 0001:00001ee2  1770 0001:00001ee6
  1777 0001:00001ef7  1781 0001:00001f0b  1783 0001:00001f20  1786 0001:00001f22
  1791 0001:00001f27  1794 0001:00001f2e  1889 0001:00001f3b  1891 0001:00001f50
  1567 0001:00001f58  1569 0001:00001f5b  1573 0001:00001f63  1576 0001:00001f7a
  1583 0001:00001f81  1587 0001:00001f99  1590 0001:00001fb2  1597 0001:00001fb7
  1601 0001:00001fcf  1604 0001:00001fe8  1611 0001:00001fed  1615 0001:00002005
  1630 0001:0000201e  1637 0001:00002023  1641 0001:0000203b  1644 0001:00002054
  1651 0001:0000205a  1655 0001:00002072  1658 0001:00002089  1660 0001:0000208f
  1664 0001:00002093  1668 0001:000020a4  1670 0001:000020bc  1892 0001:000020c1
  1897 0001:00002131  1902 0001:0000214d  1905 0001:00002150  1908 0001:00002154
  1910 0001:00002171  1912 0001:00002178  1914 0001:0000217f  1917 0001:0000218b
  1919 0001:0000219e  1920 0001:000021a3  1925 0001:00002229  1930 0001:00002245
  1933 0001:00002248  1936 0001:0000224c  1938 0001:00002266  1940 0001:00002270
  1943 0001:0000227d  1945 0001:00002290  1946 0001:00002295  1950 0001:00002298
  1957 0001:000022a6  1958 0001:000022ab  1962 0001:000022ae  1967 0001:000022c1
  1969 0001:000022c5  1970 0001:000022cd  1974 0001:000022d0  1977 0001:000022da
  1980 0001:000022de  1982 0001:000022e7  1983 0001:000022e9  1987 0001:000022ec
  1992 0001:000022fe  1994 0001:0000230b  1998 0001:0000230e  2001 0001:00002314
  2003 0001:00002322  2005 0001:00002328  2011 0001:0000232e  2012 0001:0000233d

Line numbers for U:\ProjEnv\DDK_50\LIBFRE\I386\int64.lib(intel\llshl.asm) segment .text

    42 0001:00010910    48 0001:00010913    53 0001:00010915    54 0001:00010918
    55 0001:0001091a    56 0001:0001091d    57 0001:0001091f    63 0001:00010920
    64 0001:00010922    65 0001:00010924    66 0001:00010927    67 0001:00010929
    73 0001:0001092a    74 0001:0001092c    75 0001:0001092e

Line numbers for U:\ProjEnv\DDK_50\LIBFRE\I386\int64.lib(intel\ullshr.asm) segment .text

    42 0001:000108f0    49 0001:000108f3    54 0001:000108f5    55 0001:000108f8
    56 0001:000108fa    57 0001:000108fd    58 0001:000108ff    64 0001:00010900
    65 0001:00010902    66 0001:00010904    67 0001:00010907    68 0001:00010909
    74 0001:0001090a    75 0001:0001090c    76 0001:0001090e

Line numbers for U:\ProjEnv\DDK_50\LIBFRE\I386\int64.lib(intel\llmul.asm) segment .text

    47 0001:000108b0    63 0001:000108b4    64 0001:000108b8    65 0001:000108ba
    66 0001:000108be    68 0001:000108c0    69 0001:000108c4    71 0001:000108c6
    74 0001:000108c9    81 0001:000108ca    82 0001:000108cc    84 0001:000108ce
    85 0001:000108d2    86 0001:000108d6    88 0001:000108d8    89 0001:000108dc
    90 0001:000108de    92 0001:000108e0    94 0001:000108e1

Line numbers for U:\ProjEnv\DDK_50\LIBFRE\I386\int64.lib(intel\lldiv.asm) segment .text

    44 0001:00010800    47 0001:00010801    48 0001:00010802    82 0001:00010803
    84 0001:00010805    85 0001:00010809    86 0001:0001080b    87 0001:0001080d
    88 0001:0001080e    89 0001:00010812    90 0001:00010814    91 0001:00010816
    92 0001:00010819    93 0001:0001081d    95 0001:00010821    96 0001:00010825
    97 0001:00010827    98 0001:00010829    99 0001:0001082a   100 0001:0001082e
   101 0001:00010830   102 0001:00010832   103 0001:00010835   104 0001:00010839
   115 0001:0001083d   116 0001:0001083f   117 0001:00010841   118 0001:00010845
   119 0001:00010849   120 0001:0001084b   121 0001:0001084d   122 0001:0001084f
   123 0001:00010853   124 0001:00010855   125 0001:00010857   132 0001:00010859
   133 0001:0001085b   134 0001:0001085f   135 0001:00010863   137 0001:00010867
   138 0001:00010869   139 0001:0001086b   140 0001:0001086d   141 0001:0001086f
   142 0001:00010871   143 0001:00010873   144 0001:00010875   153 0001:00010877
   154 0001:0001087b   155 0001:0001087d   156 0001:00010881   157 0001:00010883
   158 0001:00010885   166 0001:00010887   167 0001:0001088b   168 0001:0001088d
   169 0001:0001088f   170 0001:00010893   172 0001:00010895   174 0001:00010896
   175 0001:00010898   183 0001:0001089a   184 0001:0001089b   185 0001:0001089d
   186 0001:0001089f   187 0001:000108a1   194 0001:000108a4   195 0001:000108a5
   196 0001:000108a6   198 0001:000108a7

FIXUPS: 2229 4c 14 22 14 22 14 22 14 23 14 9 2a 94 21 2d aa 21 27 9b 6
FIXUPS: 1bc8 3c d a 18 119 9 36 9 96 1c 33 60 22 30 fc 11 2b 17 10 10 2b
FIXUPS: 20d3 2b 10 15 6 63 32 29 12 a ffffe5c5 6e f 9 6 593 7d 49 35 40
FIXUPS: ff4 10 31 21 21 330 3a 12 3c 10 15 18 15 14 38 11 7d 40 65 56f
FIXUPS: 1b95 9 5e52 5e 87 19f 15 42 83 e3 55 a6 27 4e 19 77 d 19 77 d 19
FIXUPS: 81a8 20 ffff83ac 57 2b 29 d 16 ba b 28 6d b 6937 53 48 b 19 58
FIXUPS: 7241 b 19 4c 7c b 32 54 80 b 2e 8b 15 3a 77 69 19 6a 19 7b 4b 2e
FIXUPS: 782b ab 88 37 fffff0c0 56 2c 18 b e d 2c 5c 61 19 48 11 19 4d 34
FIXUPS: 6d44 3a 4c 47 30 48 27 19 4c 16 18 47 19 5d 3c 10 ffffee3a 57 4b
FIXUPS: 5fce 1c be c0 3a 4d 46 46 19 70 41 42 2f 4c 4b 6f 83 1a cb fe 21
FIXUPS: 6771 d 45 76 1d cb c7 18 33fe 5e 12 60 12 5e 12 da 1e 25 1e 1e
FIXUPS: a0c7 28 1e 23 1e 1e 1e ffffb854 1c 93 b5 11 16 12 a6 4f 160 23
FIXUPS: 5e11 19 3a71 47 37 d 22 d d 36 4e d a 32 11 d 4d 47 2b 33 18 45
FIXUPS: 9bc0 22 52 5b f 48 12 12 12 60 12 5e ffffe64a 50 43 25 43 f0 41
FIXUPS: 8692 42 465 43 cd 5a 50 84 48 db 2a 63 4c5 8c 7c 87 61 55 58 87
FIXUPS: 976e 52 29 54 3b 5713 8d 10 34 f 9 26 61 28 f ae 28 29 25 2b 28
FIXUPS: f2d1 22 22 22 22 25 27 2b 27 4e 1d 17 ffff8ea6 49 29 57 641e 39
FIXUPS: e84e ab 27 11 8f 25 32 11 8c 27 3f f 9f 25 2d 23 25 34 6e 24 22
FIXUPS: ed59 6e 24 22 f a7 6e 25 24 ffffef0b 2d f fa 28 29 78 11 a5 29
FIXUPS: e18b 93 29 1a b5 2c 36 11 9c 28 11 aa 17 4b f b3 1a 22 a1 13 1a
FIXUPS: e7f5 ffffed54 88 3a 49 4a 5c 5a 3f 34 51 27 1f aa 29 2b 90 2a 1f
FIXUPS: da44 e2 2f 4b 32 25 32 43 29 14 a3 29 31 b6 ffffed72 29 11 f5 31
FIXUPS: cd53 22 60 8b 2b 27 11 c9 29 57 f e4 47 5d 27 88 3a 2b 2f 4a 5c
FIXUPS: d3e6 3f 34 55 27 4d ffffedd0 31 28 57 27 51 27 52 27 76 48 69 34
FIXUPS: c68d 69 31 28 5e 27 1c cb 29 1f b7 39 26 29 5b 28 29 2c 14 ffffee77
FIXUPS: ba84 23 76 f a6 25 27 2a 3e 2c 14 61 24 21 1e f 8f 25 26 103 52
FIXUPS: c029 27 4e 27 76 47 56 34 27 5d fffff1aa 1d 1d 23 2e 23 24 11 e
FIXUPS: b539 e e 14 f 34 a5 25 2d 29 1e 44 1a c4 32 26 36 35 26 36 24 24
FIXUPS: b991 fffff639 2b 1f 2b 27 22 22 22 16 1c 1c 1c 2d 22 1d 24 1d 2c
FIXUPS: b234 58 2a 1c 1c 1c 21 21 21 21 2d 1d 1d 1d fffff4a6 2a 10 5e 106
FIXUPS: aa96 27 12 10 29 17 24 17 10 29 14 1b 1e 10 1f 27 10 33 8c a5 14
FIXUPS: adf4 4d 15 31 18 107 54bd bc a7 81 ac a8 6c bf ffffec32 5c 25 b67
FIXUPS: 10120 f9 3f ab 2f 10 53 e 2f ffffa304 4b 28 28 14 38 1e 11 7f 1a
FIXUPS: a896
